/*('b b e e e a e f a d d d d c f d b Js e =')
    b b e e e a e f a d d d d c f d Gs e Ds f e d f d c b c c f c c a d a c b a a f f c f f b c e')*/
*$MST_FROM_ENTRY;

*$MATCHING ForRepeatedSpecialization ;

*$STRATEGY Applicative ;
/*
$ENTRY Go {
 = <Prout <Go e.1 >> ;
}
*/

***
/*
*  InputFormat: <Go e.41 >
*  OutputFormat: ==> e.0 
*/


$ENTRY Go {
 (('Gs -> empty') e.101) =  False;
 (('Gs -> b Gs') ('Gs -> empty') ('Js -> empty') e.101) =  False;
 (('Gs -> b Gs') ('Gs -> empty') ('Js -> e Js') ('Ds -> empty') ('Js -> empty') e.101) =  False;
 (('Gs -> b Gs') ('Gs -> empty') ('Js -> e Js') ('Ds -> empty') ('Js -> f Js') ('Js -> empty') e.101) =  False;
 (('Gs -> b Gs') ('Gs -> empty') ('Js -> e Js') ('Ds -> empty') ('Js -> f Js') ('Js -> e Js') ('Js -> empty') e.101) =  False;
 (('Gs -> b Gs') ('Gs -> empty') ('Js -> e Js') ('Ds -> empty') ('Js -> f Js') ('Js -> e Js') ('Js -> d Js') ('Js -> empty') e.101) =  False;
 (('Gs -> b Gs') ('Gs -> empty') ('Js -> e Js') ('Ds -> empty') ('Js -> f Js') ('Js -> e Js') ('Js -> d Js') ('Js -> f Js') ('Js -> empty') e.101) =  False
               ;
 (('Gs -> b Gs') ('Gs -> empty') ('Js -> e Js') ('Ds -> empty') ('Js -> f Js') ('Js -> e Js') ('Js -> d Js') ('Js -> f Js') ('Js -> d Js') ('Js -> empty') e.101) =  False
               ;
 (('Gs -> b Gs') ('Gs -> empty') ('Js -> e Js') ('Ds -> empty') ('Js -> f Js') ('Js -> e Js') ('Js -> d Js') ('Js -> f Js') ('Js -> d Js') ('Js -> c Js') ('Js -> empty') e.101) =  False
               ;
 (('Gs -> b Gs') ('Gs -> empty') ('Js -> e Js') ('Ds -> empty') ('Js -> f Js') ('Js -> e Js') ('Js -> d Js') ('Js -> f Js') ('Js -> d Js') ('Js -> c Js') ('Js -> b Js') ('Js -> empty') e.101) =  False
               ;
 (('Gs -> b Gs') ('Gs -> empty') ('Js -> e Js') ('Ds -> empty') ('Js -> f Js') ('Js -> e Js') ('Js -> d Js') ('Js -> f Js') ('Js -> d Js') ('Js -> c Js') ('Js -> b Js') ('Js -> c Js') ('Js -> empty') e.101) =  False
               ;
 (('Gs -> b Gs') ('Gs -> empty') ('Js -> e Js') ('Ds -> empty') ('Js -> f Js') ('Js -> e Js') ('Js -> d Js') ('Js -> f Js') ('Js -> d Js') ('Js -> c Js') ('Js -> b Js') ('Js -> c Js') ('Js -> c Js') ('Js -> empty') e.101) =  False
               ;
 (('Gs -> b Gs') ('Gs -> empty') ('Js -> e Js') ('Ds -> empty') ('Js -> f Js') ('Js -> e Js') ('Js -> d Js') ('Js -> f Js') ('Js -> d Js') ('Js -> c Js') ('Js -> b Js') ('Js -> c Js') ('Js -> c Js') ('Js -> f Js') ('Js -> empty') e.101) =  False
               ;
 (('Gs -> b Gs') ('Gs -> empty') ('Js -> e Js') ('Ds -> empty') ('Js -> f Js') ('Js -> e Js') ('Js -> d Js') ('Js -> f Js') ('Js -> d Js') ('Js -> c Js') ('Js -> b Js') ('Js -> c Js') ('Js -> c Js') ('Js -> f Js') ('Js -> c Js') ('Js -> empty') e.101) =  False
               ;
 (('Gs -> b Gs') ('Gs -> empty') ('Js -> e Js') ('Ds -> empty') ('Js -> f Js') ('Js -> e Js') ('Js -> d Js') ('Js -> f Js') ('Js -> d Js') ('Js -> c Js') ('Js -> b Js') ('Js -> c Js') ('Js -> c Js') ('Js -> f Js') ('Js -> c Js') ('Js -> c Js') ('Js -> empty') e.101) =  False
               ;
 (('Gs -> b Gs') ('Gs -> empty') ('Js -> e Js') ('Ds -> empty') ('Js -> f Js') ('Js -> e Js') ('Js -> d Js') ('Js -> f Js') ('Js -> d Js') ('Js -> c Js') ('Js -> b Js') ('Js -> c Js') ('Js -> c Js') ('Js -> f Js') ('Js -> c Js') ('Js -> c Js') ('Js -> a Js') ('Js -> empty') e.101) =  False
               ;
 (('Gs -> b Gs') ('Gs -> empty') ('Js -> e Js') ('Ds -> empty') ('Js -> f Js') ('Js -> e Js') ('Js -> d Js') ('Js -> f Js') ('Js -> d Js') ('Js -> c Js') ('Js -> b Js') ('Js -> c Js') ('Js -> c Js') ('Js -> f Js') ('Js -> c Js') ('Js -> c Js') ('Js -> a Js') ('Js -> d Js') ('Js -> empty') e.101) =  False
               ;
 (('Gs -> b Gs') ('Gs -> empty') ('Js -> e Js') ('Ds -> empty') ('Js -> f Js') ('Js -> e Js') ('Js -> d Js') ('Js -> f Js') ('Js -> d Js') ('Js -> c Js') ('Js -> b Js') ('Js -> c Js') ('Js -> c Js') ('Js -> f Js') ('Js -> c Js') ('Js -> c Js') ('Js -> a Js') ('Js -> d Js') ('Js -> a Js') ('Js -> empty') e.101) =  False
               ;
 (('Gs -> b Gs') ('Gs -> empty') ('Js -> e Js') ('Ds -> empty') ('Js -> f Js') ('Js -> e Js') ('Js -> d Js') ('Js -> f Js') ('Js -> d Js') ('Js -> c Js') ('Js -> b Js') ('Js -> c Js') ('Js -> c Js') ('Js -> f Js') ('Js -> c Js') ('Js -> c Js') ('Js -> a Js') ('Js -> d Js') ('Js -> a Js') ('Js -> c Js') ('Js -> empty') e.101) =  False
               ;
 (('Gs -> b Gs') ('Gs -> empty') ('Js -> e Js') ('Ds -> empty') ('Js -> f Js') ('Js -> e Js') ('Js -> d Js') ('Js -> f Js') ('Js -> d Js') ('Js -> c Js') ('Js -> b Js') ('Js -> c Js') ('Js -> c Js') ('Js -> f Js') ('Js -> c Js') ('Js -> c Js') ('Js -> a Js') ('Js -> d Js') ('Js -> a Js') ('Js -> c Js') ('Js -> b Js') ('Js -> empty') e.101) =  False
               ;
 (('Gs -> b Gs') ('Gs -> empty') ('Js -> e Js') ('Ds -> empty') ('Js -> f Js') ('Js -> e Js') ('Js -> d Js') ('Js -> f Js') ('Js -> d Js') ('Js -> c Js') ('Js -> b Js') ('Js -> c Js') ('Js -> c Js') ('Js -> f Js') ('Js -> c Js') ('Js -> c Js') ('Js -> a Js') ('Js -> d Js') ('Js -> a Js') ('Js -> c Js') ('Js -> b Js') ('Js -> a Js') ('Js -> empty') e.101) =  False
               ;
 (('Gs -> b Gs') ('Gs -> empty') ('Js -> e Js') ('Ds -> empty') ('Js -> f Js') ('Js -> e Js') ('Js -> d Js') ('Js -> f Js') ('Js -> d Js') ('Js -> c Js') ('Js -> b Js') ('Js -> c Js') ('Js -> c Js') ('Js -> f Js') ('Js -> c Js') ('Js -> c Js') ('Js -> a Js') ('Js -> d Js') ('Js -> a Js') ('Js -> c Js') ('Js -> b Js') ('Js -> a Js') ('Js -> a Js') ('Js -> empty') e.101) =  False
               ;
 (('Gs -> b Gs') ('Gs -> empty') ('Js -> e Js') ('Ds -> empty') ('Js -> f Js') ('Js -> e Js') ('Js -> d Js') ('Js -> f Js') ('Js -> d Js') ('Js -> c Js') ('Js -> b Js') ('Js -> c Js') ('Js -> c Js') ('Js -> f Js') ('Js -> c Js') ('Js -> c Js') ('Js -> a Js') ('Js -> d Js') ('Js -> a Js') ('Js -> c Js') ('Js -> b Js') ('Js -> a Js') ('Js -> a Js') ('Js -> f Js') ('Js -> empty') e.101) =  False
               ;
 (('Gs -> b Gs') ('Gs -> empty') ('Js -> e Js') ('Ds -> empty') ('Js -> f Js') ('Js -> e Js') ('Js -> d Js') ('Js -> f Js') ('Js -> d Js') ('Js -> c Js') ('Js -> b Js') ('Js -> c Js') ('Js -> c Js') ('Js -> f Js') ('Js -> c Js') ('Js -> c Js') ('Js -> a Js') ('Js -> d Js') ('Js -> a Js') ('Js -> c Js') ('Js -> b Js') ('Js -> a Js') ('Js -> a Js') ('Js -> f Js') ('Js -> f Js') ('Js -> empty') e.101) =  False
               ;
 (('Gs -> b Gs') ('Gs -> empty') ('Js -> e Js') ('Ds -> empty') ('Js -> f Js') ('Js -> e Js') ('Js -> d Js') ('Js -> f Js') ('Js -> d Js') ('Js -> c Js') ('Js -> b Js') ('Js -> c Js') ('Js -> c Js') ('Js -> f Js') ('Js -> c Js') ('Js -> c Js') ('Js -> a Js') ('Js -> d Js') ('Js -> a Js') ('Js -> c Js') ('Js -> b Js') ('Js -> a Js') ('Js -> a Js') ('Js -> f Js') ('Js -> f Js') ('Js -> c Js') ('Js -> empty') e.101) =  False
               ;
 (('Gs -> b Gs') ('Gs -> empty') ('Js -> e Js') ('Ds -> empty') ('Js -> f Js') ('Js -> e Js') ('Js -> d Js') ('Js -> f Js') ('Js -> d Js') ('Js -> c Js') ('Js -> b Js') ('Js -> c Js') ('Js -> c Js') ('Js -> f Js') ('Js -> c Js') ('Js -> c Js') ('Js -> a Js') ('Js -> d Js') ('Js -> a Js') ('Js -> c Js') ('Js -> b Js') ('Js -> a Js') ('Js -> a Js') ('Js -> f Js') ('Js -> f Js') ('Js -> c Js') ('Js -> f Js') ('Js -> empty') e.101) =  False
               ;
 (('Gs -> b Gs') ('Gs -> empty') ('Js -> e Js') ('Ds -> empty') ('Js -> f Js') ('Js -> e Js') ('Js -> d Js') ('Js -> f Js') ('Js -> d Js') ('Js -> c Js') ('Js -> b Js') ('Js -> c Js') ('Js -> c Js') ('Js -> f Js') ('Js -> c Js') ('Js -> c Js') ('Js -> a Js') ('Js -> d Js') ('Js -> a Js') ('Js -> c Js') ('Js -> b Js') ('Js -> a Js') ('Js -> a Js') ('Js -> f Js') ('Js -> f Js') ('Js -> c Js') ('Js -> f Js') ('Js -> f Js') ('Js -> empty') e.101) =  False
               ;
 (('Gs -> b Gs') ('Gs -> empty') ('Js -> e Js') ('Ds -> empty') ('Js -> f Js') ('Js -> e Js') ('Js -> d Js') ('Js -> f Js') ('Js -> d Js') ('Js -> c Js') ('Js -> b Js') ('Js -> c Js') ('Js -> c Js') ('Js -> f Js') ('Js -> c Js') ('Js -> c Js') ('Js -> a Js') ('Js -> d Js') ('Js -> a Js') ('Js -> c Js') ('Js -> b Js') ('Js -> a Js') ('Js -> a Js') ('Js -> f Js') ('Js -> f Js') ('Js -> c Js') ('Js -> f Js') ('Js -> f Js') ('Js -> b Js') ('Js -> empty') e.101) =  False
               ;
 (('Gs -> b Gs') ('Gs -> empty') ('Js -> e Js') ('Ds -> empty') ('Js -> f Js') ('Js -> e Js') ('Js -> d Js') ('Js -> f Js') ('Js -> d Js') ('Js -> c Js') ('Js -> b Js') ('Js -> c Js') ('Js -> c Js') ('Js -> f Js') ('Js -> c Js') ('Js -> c Js') ('Js -> a Js') ('Js -> d Js') ('Js -> a Js') ('Js -> c Js') ('Js -> b Js') ('Js -> a Js') ('Js -> a Js') ('Js -> f Js') ('Js -> f Js') ('Js -> c Js') ('Js -> f Js') ('Js -> f Js') ('Js -> b Js') ('Js -> c Js') ('Js -> empty')) =  True;
 (('Gs -> b Gs') ('Gs -> empty') ('Js -> e Js') ('Ds -> empty') ('Js -> f Js') ('Js -> e Js') ('Js -> d Js') ('Js -> f Js') ('Js -> d Js') ('Js -> c Js') ('Js -> b Js') ('Js -> c Js') ('Js -> c Js') ('Js -> f Js') ('Js -> c Js') ('Js -> c Js') ('Js -> a Js') ('Js -> d Js') ('Js -> a Js') ('Js -> c Js') ('Js -> b Js') ('Js -> a Js') ('Js -> a Js') ('Js -> f Js') ('Js -> f Js') ('Js -> c Js') ('Js -> f Js') ('Js -> f Js') ('Js -> b Js') ('Js -> c Js') ('Js -> empty') e.101) =  False
               ;
 (('Gs -> b Gs') ('Gs -> empty') ('Js -> e Js') ('Ds -> empty') ('Js -> f Js') ('Js -> e Js') ('Js -> d Js') ('Js -> f Js') ('Js -> d Js') ('Js -> c Js') ('Js -> b Js') ('Js -> c Js') ('Js -> c Js') ('Js -> f Js') ('Js -> c Js') ('Js -> c Js') ('Js -> a Js') ('Js -> d Js') ('Js -> a Js') ('Js -> c Js') ('Js -> b Js') ('Js -> a Js') ('Js -> a Js') ('Js -> f Js') ('Js -> f Js') ('Js -> c Js') ('Js -> f Js') ('Js -> f Js') ('Js -> b Js') ('Js -> c Js') e.101) =  False;
 (('Gs -> b Gs') ('Gs -> empty') ('Js -> e Js') ('Ds -> empty') ('Js -> f Js') ('Js -> e Js') ('Js -> d Js') ('Js -> f Js') ('Js -> d Js') ('Js -> c Js') ('Js -> b Js') ('Js -> c Js') ('Js -> c Js') ('Js -> f Js') ('Js -> c Js') ('Js -> c Js') ('Js -> a Js') ('Js -> d Js') ('Js -> a Js') ('Js -> c Js') ('Js -> b Js') ('Js -> a Js') ('Js -> a Js') ('Js -> f Js') ('Js -> f Js') ('Js -> c Js') ('Js -> f Js') ('Js -> f Js') ('Js -> b Js') e.101) =  False;
 (('Gs -> b Gs') ('Gs -> empty') ('Js -> e Js') ('Ds -> empty') ('Js -> f Js') ('Js -> e Js') ('Js -> d Js') ('Js -> f Js') ('Js -> d Js') ('Js -> c Js') ('Js -> b Js') ('Js -> c Js') ('Js -> c Js') ('Js -> f Js') ('Js -> c Js') ('Js -> c Js') ('Js -> a Js') ('Js -> d Js') ('Js -> a Js') ('Js -> c Js') ('Js -> b Js') ('Js -> a Js') ('Js -> a Js') ('Js -> f Js') ('Js -> f Js') ('Js -> c Js') ('Js -> f Js') ('Js -> f Js') e.101) =  False;
 (('Gs -> b Gs') ('Gs -> empty') ('Js -> e Js') ('Ds -> empty') ('Js -> f Js') ('Js -> e Js') ('Js -> d Js') ('Js -> f Js') ('Js -> d Js') ('Js -> c Js') ('Js -> b Js') ('Js -> c Js') ('Js -> c Js') ('Js -> f Js') ('Js -> c Js') ('Js -> c Js') ('Js -> a Js') ('Js -> d Js') ('Js -> a Js') ('Js -> c Js') ('Js -> b Js') ('Js -> a Js') ('Js -> a Js') ('Js -> f Js') ('Js -> f Js') ('Js -> c Js') ('Js -> f Js') e.101) =  False;
 (('Gs -> b Gs') ('Gs -> empty') ('Js -> e Js') ('Ds -> empty') ('Js -> f Js') ('Js -> e Js') ('Js -> d Js') ('Js -> f Js') ('Js -> d Js') ('Js -> c Js') ('Js -> b Js') ('Js -> c Js') ('Js -> c Js') ('Js -> f Js') ('Js -> c Js') ('Js -> c Js') ('Js -> a Js') ('Js -> d Js') ('Js -> a Js') ('Js -> c Js') ('Js -> b Js') ('Js -> a Js') ('Js -> a Js') ('Js -> f Js') ('Js -> f Js') ('Js -> c Js') e.101) =  False;
 (('Gs -> b Gs') ('Gs -> empty') ('Js -> e Js') ('Ds -> empty') ('Js -> f Js') ('Js -> e Js') ('Js -> d Js') ('Js -> f Js') ('Js -> d Js') ('Js -> c Js') ('Js -> b Js') ('Js -> c Js') ('Js -> c Js') ('Js -> f Js') ('Js -> c Js') ('Js -> c Js') ('Js -> a Js') ('Js -> d Js') ('Js -> a Js') ('Js -> c Js') ('Js -> b Js') ('Js -> a Js') ('Js -> a Js') ('Js -> f Js') ('Js -> f Js') e.101) =  False;
 (('Gs -> b Gs') ('Gs -> empty') ('Js -> e Js') ('Ds -> empty') ('Js -> f Js') ('Js -> e Js') ('Js -> d Js') ('Js -> f Js') ('Js -> d Js') ('Js -> c Js') ('Js -> b Js') ('Js -> c Js') ('Js -> c Js') ('Js -> f Js') ('Js -> c Js') ('Js -> c Js') ('Js -> a Js') ('Js -> d Js') ('Js -> a Js') ('Js -> c Js') ('Js -> b Js') ('Js -> a Js') ('Js -> a Js') ('Js -> f Js') e.101) =  False;
 (('Gs -> b Gs') ('Gs -> empty') ('Js -> e Js') ('Ds -> empty') ('Js -> f Js') ('Js -> e Js') ('Js -> d Js') ('Js -> f Js') ('Js -> d Js') ('Js -> c Js') ('Js -> b Js') ('Js -> c Js') ('Js -> c Js') ('Js -> f Js') ('Js -> c Js') ('Js -> c Js') ('Js -> a Js') ('Js -> d Js') ('Js -> a Js') ('Js -> c Js') ('Js -> b Js') ('Js -> a Js') ('Js -> a Js') e.101) =  False;
 (('Gs -> b Gs') ('Gs -> empty') ('Js -> e Js') ('Ds -> empty') ('Js -> f Js') ('Js -> e Js') ('Js -> d Js') ('Js -> f Js') ('Js -> d Js') ('Js -> c Js') ('Js -> b Js') ('Js -> c Js') ('Js -> c Js') ('Js -> f Js') ('Js -> c Js') ('Js -> c Js') ('Js -> a Js') ('Js -> d Js') ('Js -> a Js') ('Js -> c Js') ('Js -> b Js') ('Js -> a Js') e.101) =  False;
 (('Gs -> b Gs') ('Gs -> empty') ('Js -> e Js') ('Ds -> empty') ('Js -> f Js') ('Js -> e Js') ('Js -> d Js') ('Js -> f Js') ('Js -> d Js') ('Js -> c Js') ('Js -> b Js') ('Js -> c Js') ('Js -> c Js') ('Js -> f Js') ('Js -> c Js') ('Js -> c Js') ('Js -> a Js') ('Js -> d Js') ('Js -> a Js') ('Js -> c Js') ('Js -> b Js') e.101) =  False;
 (('Gs -> b Gs') ('Gs -> empty') ('Js -> e Js') ('Ds -> empty') ('Js -> f Js') ('Js -> e Js') ('Js -> d Js') ('Js -> f Js') ('Js -> d Js') ('Js -> c Js') ('Js -> b Js') ('Js -> c Js') ('Js -> c Js') ('Js -> f Js') ('Js -> c Js') ('Js -> c Js') ('Js -> a Js') ('Js -> d Js') ('Js -> a Js') ('Js -> c Js') e.101) =  False;
 (('Gs -> b Gs') ('Gs -> empty') ('Js -> e Js') ('Ds -> empty') ('Js -> f Js') ('Js -> e Js') ('Js -> d Js') ('Js -> f Js') ('Js -> d Js') ('Js -> c Js') ('Js -> b Js') ('Js -> c Js') ('Js -> c Js') ('Js -> f Js') ('Js -> c Js') ('Js -> c Js') ('Js -> a Js') ('Js -> d Js') ('Js -> a Js') e.101) =  False;
 (('Gs -> b Gs') ('Gs -> empty') ('Js -> e Js') ('Ds -> empty') ('Js -> f Js') ('Js -> e Js') ('Js -> d Js') ('Js -> f Js') ('Js -> d Js') ('Js -> c Js') ('Js -> b Js') ('Js -> c Js') ('Js -> c Js') ('Js -> f Js') ('Js -> c Js') ('Js -> c Js') ('Js -> a Js') ('Js -> d Js') e.101) =  False;
 (('Gs -> b Gs') ('Gs -> empty') ('Js -> e Js') ('Ds -> empty') ('Js -> f Js') ('Js -> e Js') ('Js -> d Js') ('Js -> f Js') ('Js -> d Js') ('Js -> c Js') ('Js -> b Js') ('Js -> c Js') ('Js -> c Js') ('Js -> f Js') ('Js -> c Js') ('Js -> c Js') ('Js -> a Js') e.101) =  False;
 (('Gs -> b Gs') ('Gs -> empty') ('Js -> e Js') ('Ds -> empty') ('Js -> f Js') ('Js -> e Js') ('Js -> d Js') ('Js -> f Js') ('Js -> d Js') ('Js -> c Js') ('Js -> b Js') ('Js -> c Js') ('Js -> c Js') ('Js -> f Js') ('Js -> c Js') ('Js -> c Js') e.101) =  False;
 (('Gs -> b Gs') ('Gs -> empty') ('Js -> e Js') ('Ds -> empty') ('Js -> f Js') ('Js -> e Js') ('Js -> d Js') ('Js -> f Js') ('Js -> d Js') ('Js -> c Js') ('Js -> b Js') ('Js -> c Js') ('Js -> c Js') ('Js -> f Js') ('Js -> c Js') e.101) =  False;
 (('Gs -> b Gs') ('Gs -> empty') ('Js -> e Js') ('Ds -> empty') ('Js -> f Js') ('Js -> e Js') ('Js -> d Js') ('Js -> f Js') ('Js -> d Js') ('Js -> c Js') ('Js -> b Js') ('Js -> c Js') ('Js -> c Js') ('Js -> f Js') e.101) =  False;
 (('Gs -> b Gs') ('Gs -> empty') ('Js -> e Js') ('Ds -> empty') ('Js -> f Js') ('Js -> e Js') ('Js -> d Js') ('Js -> f Js') ('Js -> d Js') ('Js -> c Js') ('Js -> b Js') ('Js -> c Js') ('Js -> c Js') e.101) =  False;
 (('Gs -> b Gs') ('Gs -> empty') ('Js -> e Js') ('Ds -> empty') ('Js -> f Js') ('Js -> e Js') ('Js -> d Js') ('Js -> f Js') ('Js -> d Js') ('Js -> c Js') ('Js -> b Js') ('Js -> c Js') e.101) =  False;
 (('Gs -> b Gs') ('Gs -> empty') ('Js -> e Js') ('Ds -> empty') ('Js -> f Js') ('Js -> e Js') ('Js -> d Js') ('Js -> f Js') ('Js -> d Js') ('Js -> c Js') ('Js -> b Js') e.101) =  False;
 (('Gs -> b Gs') ('Gs -> empty') ('Js -> e Js') ('Ds -> empty') ('Js -> f Js') ('Js -> e Js') ('Js -> d Js') ('Js -> f Js') ('Js -> d Js') ('Js -> c Js') e.101) =  False;
 (('Gs -> b Gs') ('Gs -> empty') ('Js -> e Js') ('Ds -> empty') ('Js -> f Js') ('Js -> e Js') ('Js -> d Js') ('Js -> f Js') ('Js -> d Js') e.101) =  False;
 (('Gs -> b Gs') ('Gs -> empty') ('Js -> e Js') ('Ds -> empty') ('Js -> f Js') ('Js -> e Js') ('Js -> d Js') ('Js -> f Js') e.101) =  False;
 (('Gs -> b Gs') ('Gs -> empty') ('Js -> e Js') ('Ds -> empty') ('Js -> f Js') ('Js -> e Js') ('Js -> d Js') e.101) =  False;
 (('Gs -> b Gs') ('Gs -> empty') ('Js -> e Js') ('Ds -> empty') ('Js -> f Js') ('Js -> e Js') e.101) =  False;
 (('Gs -> b Gs') ('Gs -> empty') ('Js -> e Js') ('Ds -> empty') ('Js -> f Js') e.101) =  False;
 (('Gs -> b Gs') ('Gs -> empty') ('Js -> e Js') ('Ds -> empty') e.101) =  False;
 (('Gs -> b Gs') ('Gs -> empty') ('Js -> e Js') ('Js -> empty') e.101) =  False;
 (('Gs -> b Gs') ('Gs -> empty') ('Js -> e Js') ('Js -> Ds Js') ('Js -> empty') e.101) =  False;
 (('Gs -> b Gs') ('Gs -> empty') ('Js -> e Js') ('Js -> Ds Js') ('Js -> f Js') ('Js -> empty') e.101) =  False;
 (('Gs -> b Gs') ('Gs -> empty') ('Js -> e Js') ('Js -> Ds Js') ('Js -> f Js') ('Js -> e Js') ('Js -> empty') e.101) =  False;
 (('Gs -> b Gs') ('Gs -> empty') ('Js -> e Js') ('Js -> Ds Js') ('Js -> f Js') ('Js -> e Js') ('Js -> d Js') ('Js -> empty') e.101) =  False;
 (('Gs -> b Gs') ('Gs -> empty') ('Js -> e Js') ('Js -> Ds Js') ('Js -> f Js') ('Js -> e Js') ('Js -> d Js') ('Js -> f Js') ('Js -> empty') e.101) =  False;
 (('Gs -> b Gs') ('Gs -> empty') ('Js -> e Js') ('Js -> Ds Js') ('Js -> f Js') ('Js -> e Js') ('Js -> d Js') ('Js -> f Js') ('Js -> d Js') ('Js -> empty') e.101) =  False;
 (('Gs -> b Gs') ('Gs -> empty') ('Js -> e Js') ('Js -> Ds Js') ('Js -> f Js') ('Js -> e Js') ('Js -> d Js') ('Js -> f Js') ('Js -> d Js') ('Js -> c Js') ('Js -> empty') e.101) =  False;
 (('Gs -> b Gs') ('Gs -> empty') ('Js -> e Js') ('Js -> Ds Js') ('Js -> f Js') ('Js -> e Js') ('Js -> d Js') ('Js -> f Js') ('Js -> d Js') ('Js -> c Js') ('Js -> b Js') ('Js -> empty') e.101) =  False;
 (('Gs -> b Gs') ('Gs -> empty') ('Js -> e Js') ('Js -> Ds Js') ('Js -> f Js') ('Js -> e Js') ('Js -> d Js') ('Js -> f Js') ('Js -> d Js') ('Js -> c Js') ('Js -> b Js') ('Js -> c Js') ('Js -> empty') e.101) =  False;
 (('Gs -> b Gs') ('Gs -> empty') ('Js -> e Js') ('Js -> Ds Js') ('Js -> f Js') ('Js -> e Js') ('Js -> d Js') ('Js -> f Js') ('Js -> d Js') ('Js -> c Js') ('Js -> b Js') ('Js -> c Js') ('Js -> c Js') ('Js -> empty') e.101) =  False;
 (('Gs -> b Gs') ('Gs -> empty') ('Js -> e Js') ('Js -> Ds Js') ('Js -> f Js') ('Js -> e Js') ('Js -> d Js') ('Js -> f Js') ('Js -> d Js') ('Js -> c Js') ('Js -> b Js') ('Js -> c Js') ('Js -> c Js') ('Js -> f Js') ('Js -> empty') e.101) =  False;
 (('Gs -> b Gs') ('Gs -> empty') ('Js -> e Js') ('Js -> Ds Js') ('Js -> f Js') ('Js -> e Js') ('Js -> d Js') ('Js -> f Js') ('Js -> d Js') ('Js -> c Js') ('Js -> b Js') ('Js -> c Js') ('Js -> c Js') ('Js -> f Js') ('Js -> c Js') ('Js -> empty') e.101) =  False;
 (('Gs -> b Gs') ('Gs -> empty') ('Js -> e Js') ('Js -> Ds Js') ('Js -> f Js') ('Js -> e Js') ('Js -> d Js') ('Js -> f Js') ('Js -> d Js') ('Js -> c Js') ('Js -> b Js') ('Js -> c Js') ('Js -> c Js') ('Js -> f Js') ('Js -> c Js') ('Js -> c Js') ('Js -> empty') e.101) =  False;
 (('Gs -> b Gs') ('Gs -> empty') ('Js -> e Js') ('Js -> Ds Js') ('Js -> f Js') ('Js -> e Js') ('Js -> d Js') ('Js -> f Js') ('Js -> d Js') ('Js -> c Js') ('Js -> b Js') ('Js -> c Js') ('Js -> c Js') ('Js -> f Js') ('Js -> c Js') ('Js -> c Js') ('Js -> a Js') ('Js -> empty') e.101) =  False;
 (('Gs -> b Gs') ('Gs -> empty') ('Js -> e Js') ('Js -> Ds Js') ('Js -> f Js') ('Js -> e Js') ('Js -> d Js') ('Js -> f Js') ('Js -> d Js') ('Js -> c Js') ('Js -> b Js') ('Js -> c Js') ('Js -> c Js') ('Js -> f Js') ('Js -> c Js') ('Js -> c Js') ('Js -> a Js') ('Js -> d Js') ('Js -> empty') e.101) =  False;
 (('Gs -> b Gs') ('Gs -> empty') ('Js -> e Js') ('Js -> Ds Js') ('Js -> f Js') ('Js -> e Js') ('Js -> d Js') ('Js -> f Js') ('Js -> d Js') ('Js -> c Js') ('Js -> b Js') ('Js -> c Js') ('Js -> c Js') ('Js -> f Js') ('Js -> c Js') ('Js -> c Js') ('Js -> a Js') ('Js -> d Js') ('Js -> a Js') ('Js -> empty') e.101) =  False;
 (('Gs -> b Gs') ('Gs -> empty') ('Js -> e Js') ('Js -> Ds Js') ('Js -> f Js') ('Js -> e Js') ('Js -> d Js') ('Js -> f Js') ('Js -> d Js') ('Js -> c Js') ('Js -> b Js') ('Js -> c Js') ('Js -> c Js') ('Js -> f Js') ('Js -> c Js') ('Js -> c Js') ('Js -> a Js') ('Js -> d Js') ('Js -> a Js') ('Js -> c Js') ('Js -> empty') e.101) =  False;
 (('Gs -> b Gs') ('Gs -> empty') ('Js -> e Js') ('Js -> Ds Js') ('Js -> f Js') ('Js -> e Js') ('Js -> d Js') ('Js -> f Js') ('Js -> d Js') ('Js -> c Js') ('Js -> b Js') ('Js -> c Js') ('Js -> c Js') ('Js -> f Js') ('Js -> c Js') ('Js -> c Js') ('Js -> a Js') ('Js -> d Js') ('Js -> a Js') ('Js -> c Js') ('Js -> b Js') ('Js -> empty') e.101) =  False;
 (('Gs -> b Gs') ('Gs -> empty') ('Js -> e Js') ('Js -> Ds Js') ('Js -> f Js') ('Js -> e Js') ('Js -> d Js') ('Js -> f Js') ('Js -> d Js') ('Js -> c Js') ('Js -> b Js') ('Js -> c Js') ('Js -> c Js') ('Js -> f Js') ('Js -> c Js') ('Js -> c Js') ('Js -> a Js') ('Js -> d Js') ('Js -> a Js') ('Js -> c Js') ('Js -> b Js') ('Js -> a Js') ('Js -> empty') e.101) =  False;
 (('Gs -> b Gs') ('Gs -> empty') ('Js -> e Js') ('Js -> Ds Js') ('Js -> f Js') ('Js -> e Js') ('Js -> d Js') ('Js -> f Js') ('Js -> d Js') ('Js -> c Js') ('Js -> b Js') ('Js -> c Js') ('Js -> c Js') ('Js -> f Js') ('Js -> c Js') ('Js -> c Js') ('Js -> a Js') ('Js -> d Js') ('Js -> a Js') ('Js -> c Js') ('Js -> b Js') ('Js -> a Js') ('Js -> a Js') ('Js -> empty') e.101) =  False;
 (('Gs -> b Gs') ('Gs -> empty') ('Js -> e Js') ('Js -> Ds Js') ('Js -> f Js') ('Js -> e Js') ('Js -> d Js') ('Js -> f Js') ('Js -> d Js') ('Js -> c Js') ('Js -> b Js') ('Js -> c Js') ('Js -> c Js') ('Js -> f Js') ('Js -> c Js') ('Js -> c Js') ('Js -> a Js') ('Js -> d Js') ('Js -> a Js') ('Js -> c Js') ('Js -> b Js') ('Js -> a Js') ('Js -> a Js') ('Js -> f Js') ('Js -> empty') e.101) =  False;
 (('Gs -> b Gs') ('Gs -> empty') ('Js -> e Js') ('Js -> Ds Js') ('Js -> f Js') ('Js -> e Js') ('Js -> d Js') ('Js -> f Js') ('Js -> d Js') ('Js -> c Js') ('Js -> b Js') ('Js -> c Js') ('Js -> c Js') ('Js -> f Js') ('Js -> c Js') ('Js -> c Js') ('Js -> a Js') ('Js -> d Js') ('Js -> a Js') ('Js -> c Js') ('Js -> b Js') ('Js -> a Js') ('Js -> a Js') ('Js -> f Js') ('Js -> f Js') ('Js -> empty') e.101) =  False;
 (('Gs -> b Gs') ('Gs -> empty') ('Js -> e Js') ('Js -> Ds Js') ('Js -> f Js') ('Js -> e Js') ('Js -> d Js') ('Js -> f Js') ('Js -> d Js') ('Js -> c Js') ('Js -> b Js') ('Js -> c Js') ('Js -> c Js') ('Js -> f Js') ('Js -> c Js') ('Js -> c Js') ('Js -> a Js') ('Js -> d Js') ('Js -> a Js') ('Js -> c Js') ('Js -> b Js') ('Js -> a Js') ('Js -> a Js') ('Js -> f Js') ('Js -> f Js') ('Js -> c Js') ('Js -> empty') e.101) =  False;
 (('Gs -> b Gs') ('Gs -> empty') ('Js -> e Js') ('Js -> Ds Js') ('Js -> f Js') ('Js -> e Js') ('Js -> d Js') ('Js -> f Js') ('Js -> d Js') ('Js -> c Js') ('Js -> b Js') ('Js -> c Js') ('Js -> c Js') ('Js -> f Js') ('Js -> c Js') ('Js -> c Js') ('Js -> a Js') ('Js -> d Js') ('Js -> a Js') ('Js -> c Js') ('Js -> b Js') ('Js -> a Js') ('Js -> a Js') ('Js -> f Js') ('Js -> f Js') ('Js -> c Js') ('Js -> f Js') ('Js -> empty') e.101) =  False;
 (('Gs -> b Gs') ('Gs -> empty') ('Js -> e Js') ('Js -> Ds Js') ('Js -> f Js') ('Js -> e Js') ('Js -> d Js') ('Js -> f Js') ('Js -> d Js') ('Js -> c Js') ('Js -> b Js') ('Js -> c Js') ('Js -> c Js') ('Js -> f Js') ('Js -> c Js') ('Js -> c Js') ('Js -> a Js') ('Js -> d Js') ('Js -> a Js') ('Js -> c Js') ('Js -> b Js') ('Js -> a Js') ('Js -> a Js') ('Js -> f Js') ('Js -> f Js') ('Js -> c Js') ('Js -> f Js') ('Js -> f Js') ('Js -> empty') e.101) =  False;
 (('Gs -> b Gs') ('Gs -> empty') ('Js -> e Js') ('Js -> Ds Js') ('Js -> f Js') ('Js -> e Js') ('Js -> d Js') ('Js -> f Js') ('Js -> d Js') ('Js -> c Js') ('Js -> b Js') ('Js -> c Js') ('Js -> c Js') ('Js -> f Js') ('Js -> c Js') ('Js -> c Js') ('Js -> a Js') ('Js -> d Js') ('Js -> a Js') ('Js -> c Js') ('Js -> b Js') ('Js -> a Js') ('Js -> a Js') ('Js -> f Js') ('Js -> f Js') ('Js -> c Js') ('Js -> f Js') ('Js -> f Js') ('Js -> b Js') ('Js -> empty') e.101) =  False;
 (('Gs -> b Gs') ('Gs -> empty') ('Js -> e Js') ('Js -> Ds Js') ('Js -> f Js') ('Js -> e Js') ('Js -> d Js') ('Js -> f Js') ('Js -> d Js') ('Js -> c Js') ('Js -> b Js') ('Js -> c Js') ('Js -> c Js') ('Js -> f Js') ('Js -> c Js') ('Js -> c Js') ('Js -> a Js') ('Js -> d Js') ('Js -> a Js') ('Js -> c Js') ('Js -> b Js') ('Js -> a Js') ('Js -> a Js') ('Js -> f Js') ('Js -> f Js') ('Js -> c Js') ('Js -> f Js') ('Js -> f Js') ('Js -> b Js') ('Js -> c Js') ('Js -> empty')) =  True;
 (('Gs -> b Gs') ('Gs -> empty') ('Js -> e Js') ('Js -> Ds Js') ('Js -> f Js') ('Js -> e Js') ('Js -> d Js') ('Js -> f Js') ('Js -> d Js') ('Js -> c Js') ('Js -> b Js') ('Js -> c Js') ('Js -> c Js') ('Js -> f Js') ('Js -> c Js') ('Js -> c Js') ('Js -> a Js') ('Js -> d Js') ('Js -> a Js') ('Js -> c Js') ('Js -> b Js') ('Js -> a Js') ('Js -> a Js') ('Js -> f Js') ('Js -> f Js') ('Js -> c Js') ('Js -> f Js') ('Js -> f Js') ('Js -> b Js') ('Js -> c Js') ('Js -> empty') e.101) =  False;
 (('Gs -> b Gs') ('Gs -> empty') ('Js -> e Js') ('Js -> Ds Js') ('Js -> f Js') ('Js -> e Js') ('Js -> d Js') ('Js -> f Js') ('Js -> d Js') ('Js -> c Js') ('Js -> b Js') ('Js -> c Js') ('Js -> c Js') ('Js -> f Js') ('Js -> c Js') ('Js -> c Js') ('Js -> a Js') ('Js -> d Js') ('Js -> a Js') ('Js -> c Js') ('Js -> b Js') ('Js -> a Js') ('Js -> a Js') ('Js -> f Js') ('Js -> f Js') ('Js -> c Js') ('Js -> f Js') ('Js -> f Js') ('Js -> b Js') ('Js -> c Js') e.101) =  False;
 (('Gs -> b Gs') ('Gs -> empty') ('Js -> e Js') ('Js -> Ds Js') ('Js -> f Js') ('Js -> e Js') ('Js -> d Js') ('Js -> f Js') ('Js -> d Js') ('Js -> c Js') ('Js -> b Js') ('Js -> c Js') ('Js -> c Js') ('Js -> f Js') ('Js -> c Js') ('Js -> c Js') ('Js -> a Js') ('Js -> d Js') ('Js -> a Js') ('Js -> c Js') ('Js -> b Js') ('Js -> a Js') ('Js -> a Js') ('Js -> f Js') ('Js -> f Js') ('Js -> c Js') ('Js -> f Js') ('Js -> f Js') ('Js -> b Js') e.101) =  False;
 (('Gs -> b Gs') ('Gs -> empty') ('Js -> e Js') ('Js -> Ds Js') ('Js -> f Js') ('Js -> e Js') ('Js -> d Js') ('Js -> f Js') ('Js -> d Js') ('Js -> c Js') ('Js -> b Js') ('Js -> c Js') ('Js -> c Js') ('Js -> f Js') ('Js -> c Js') ('Js -> c Js') ('Js -> a Js') ('Js -> d Js') ('Js -> a Js') ('Js -> c Js') ('Js -> b Js') ('Js -> a Js') ('Js -> a Js') ('Js -> f Js') ('Js -> f Js') ('Js -> c Js') ('Js -> f Js') ('Js -> f Js') e.101) =  False;
 (('Gs -> b Gs') ('Gs -> empty') ('Js -> e Js') ('Js -> Ds Js') ('Js -> f Js') ('Js -> e Js') ('Js -> d Js') ('Js -> f Js') ('Js -> d Js') ('Js -> c Js') ('Js -> b Js') ('Js -> c Js') ('Js -> c Js') ('Js -> f Js') ('Js -> c Js') ('Js -> c Js') ('Js -> a Js') ('Js -> d Js') ('Js -> a Js') ('Js -> c Js') ('Js -> b Js') ('Js -> a Js') ('Js -> a Js') ('Js -> f Js') ('Js -> f Js') ('Js -> c Js') ('Js -> f Js') e.101) =  False;
 (('Gs -> b Gs') ('Gs -> empty') ('Js -> e Js') ('Js -> Ds Js') ('Js -> f Js') ('Js -> e Js') ('Js -> d Js') ('Js -> f Js') ('Js -> d Js') ('Js -> c Js') ('Js -> b Js') ('Js -> c Js') ('Js -> c Js') ('Js -> f Js') ('Js -> c Js') ('Js -> c Js') ('Js -> a Js') ('Js -> d Js') ('Js -> a Js') ('Js -> c Js') ('Js -> b Js') ('Js -> a Js') ('Js -> a Js') ('Js -> f Js') ('Js -> f Js') ('Js -> c Js') e.101) =  False;
 (('Gs -> b Gs') ('Gs -> empty') ('Js -> e Js') ('Js -> Ds Js') ('Js -> f Js') ('Js -> e Js') ('Js -> d Js') ('Js -> f Js') ('Js -> d Js') ('Js -> c Js') ('Js -> b Js') ('Js -> c Js') ('Js -> c Js') ('Js -> f Js') ('Js -> c Js') ('Js -> c Js') ('Js -> a Js') ('Js -> d Js') ('Js -> a Js') ('Js -> c Js') ('Js -> b Js') ('Js -> a Js') ('Js -> a Js') ('Js -> f Js') ('Js -> f Js') e.101) =  False;
 (('Gs -> b Gs') ('Gs -> empty') ('Js -> e Js') ('Js -> Ds Js') ('Js -> f Js') ('Js -> e Js') ('Js -> d Js') ('Js -> f Js') ('Js -> d Js') ('Js -> c Js') ('Js -> b Js') ('Js -> c Js') ('Js -> c Js') ('Js -> f Js') ('Js -> c Js') ('Js -> c Js') ('Js -> a Js') ('Js -> d Js') ('Js -> a Js') ('Js -> c Js') ('Js -> b Js') ('Js -> a Js') ('Js -> a Js') ('Js -> f Js') e.101) =  False;
 (('Gs -> b Gs') ('Gs -> empty') ('Js -> e Js') ('Js -> Ds Js') ('Js -> f Js') ('Js -> e Js') ('Js -> d Js') ('Js -> f Js') ('Js -> d Js') ('Js -> c Js') ('Js -> b Js') ('Js -> c Js') ('Js -> c Js') ('Js -> f Js') ('Js -> c Js') ('Js -> c Js') ('Js -> a Js') ('Js -> d Js') ('Js -> a Js') ('Js -> c Js') ('Js -> b Js') ('Js -> a Js') ('Js -> a Js') e.101) =  False;
 (('Gs -> b Gs') ('Gs -> empty') ('Js -> e Js') ('Js -> Ds Js') ('Js -> f Js') ('Js -> e Js') ('Js -> d Js') ('Js -> f Js') ('Js -> d Js') ('Js -> c Js') ('Js -> b Js') ('Js -> c Js') ('Js -> c Js') ('Js -> f Js') ('Js -> c Js') ('Js -> c Js') ('Js -> a Js') ('Js -> d Js') ('Js -> a Js') ('Js -> c Js') ('Js -> b Js') ('Js -> a Js') e.101) =  False;
 (('Gs -> b Gs') ('Gs -> empty') ('Js -> e Js') ('Js -> Ds Js') ('Js -> f Js') ('Js -> e Js') ('Js -> d Js') ('Js -> f Js') ('Js -> d Js') ('Js -> c Js') ('Js -> b Js') ('Js -> c Js') ('Js -> c Js') ('Js -> f Js') ('Js -> c Js') ('Js -> c Js') ('Js -> a Js') ('Js -> d Js') ('Js -> a Js') ('Js -> c Js') ('Js -> b Js') e.101) =  False;
 (('Gs -> b Gs') ('Gs -> empty') ('Js -> e Js') ('Js -> Ds Js') ('Js -> f Js') ('Js -> e Js') ('Js -> d Js') ('Js -> f Js') ('Js -> d Js') ('Js -> c Js') ('Js -> b Js') ('Js -> c Js') ('Js -> c Js') ('Js -> f Js') ('Js -> c Js') ('Js -> c Js') ('Js -> a Js') ('Js -> d Js') ('Js -> a Js') ('Js -> c Js') e.101) =  False;
 (('Gs -> b Gs') ('Gs -> empty') ('Js -> e Js') ('Js -> Ds Js') ('Js -> f Js') ('Js -> e Js') ('Js -> d Js') ('Js -> f Js') ('Js -> d Js') ('Js -> c Js') ('Js -> b Js') ('Js -> c Js') ('Js -> c Js') ('Js -> f Js') ('Js -> c Js') ('Js -> c Js') ('Js -> a Js') ('Js -> d Js') ('Js -> a Js') e.101) =  False;
 (('Gs -> b Gs') ('Gs -> empty') ('Js -> e Js') ('Js -> Ds Js') ('Js -> f Js') ('Js -> e Js') ('Js -> d Js') ('Js -> f Js') ('Js -> d Js') ('Js -> c Js') ('Js -> b Js') ('Js -> c Js') ('Js -> c Js') ('Js -> f Js') ('Js -> c Js') ('Js -> c Js') ('Js -> a Js') ('Js -> d Js') e.101) =  False;
 (('Gs -> b Gs') ('Gs -> empty') ('Js -> e Js') ('Js -> Ds Js') ('Js -> f Js') ('Js -> e Js') ('Js -> d Js') ('Js -> f Js') ('Js -> d Js') ('Js -> c Js') ('Js -> b Js') ('Js -> c Js') ('Js -> c Js') ('Js -> f Js') ('Js -> c Js') ('Js -> c Js') ('Js -> a Js') e.101) =  False;
 (('Gs -> b Gs') ('Gs -> empty') ('Js -> e Js') ('Js -> Ds Js') ('Js -> f Js') ('Js -> e Js') ('Js -> d Js') ('Js -> f Js') ('Js -> d Js') ('Js -> c Js') ('Js -> b Js') ('Js -> c Js') ('Js -> c Js') ('Js -> f Js') ('Js -> c Js') ('Js -> c Js') e.101) =  False;
 (('Gs -> b Gs') ('Gs -> empty') ('Js -> e Js') ('Js -> Ds Js') ('Js -> f Js') ('Js -> e Js') ('Js -> d Js') ('Js -> f Js') ('Js -> d Js') ('Js -> c Js') ('Js -> b Js') ('Js -> c Js') ('Js -> c Js') ('Js -> f Js') ('Js -> c Js') e.101) =  False;
 (('Gs -> b Gs') ('Gs -> empty') ('Js -> e Js') ('Js -> Ds Js') ('Js -> f Js') ('Js -> e Js') ('Js -> d Js') ('Js -> f Js') ('Js -> d Js') ('Js -> c Js') ('Js -> b Js') ('Js -> c Js') ('Js -> c Js') ('Js -> f Js') e.101) =  False;
 (('Gs -> b Gs') ('Gs -> empty') ('Js -> e Js') ('Js -> Ds Js') ('Js -> f Js') ('Js -> e Js') ('Js -> d Js') ('Js -> f Js') ('Js -> d Js') ('Js -> c Js') ('Js -> b Js') ('Js -> c Js') ('Js -> c Js') e.101) =  False;
 (('Gs -> b Gs') ('Gs -> empty') ('Js -> e Js') ('Js -> Ds Js') ('Js -> f Js') ('Js -> e Js') ('Js -> d Js') ('Js -> f Js') ('Js -> d Js') ('Js -> c Js') ('Js -> b Js') ('Js -> c Js') e.101) =  False;
 (('Gs -> b Gs') ('Gs -> empty') ('Js -> e Js') ('Js -> Ds Js') ('Js -> f Js') ('Js -> e Js') ('Js -> d Js') ('Js -> f Js') ('Js -> d Js') ('Js -> c Js') ('Js -> b Js') e.101) =  False;
 (('Gs -> b Gs') ('Gs -> empty') ('Js -> e Js') ('Js -> Ds Js') ('Js -> f Js') ('Js -> e Js') ('Js -> d Js') ('Js -> f Js') ('Js -> d Js') ('Js -> c Js') e.101) =  False;
 (('Gs -> b Gs') ('Gs -> empty') ('Js -> e Js') ('Js -> Ds Js') ('Js -> f Js') ('Js -> e Js') ('Js -> d Js') ('Js -> f Js') ('Js -> d Js') e.101) =  False;
 (('Gs -> b Gs') ('Gs -> empty') ('Js -> e Js') ('Js -> Ds Js') ('Js -> f Js') ('Js -> e Js') ('Js -> d Js') ('Js -> f Js') e.101) =  False;
 (('Gs -> b Gs') ('Gs -> empty') ('Js -> e Js') ('Js -> Ds Js') ('Js -> f Js') ('Js -> e Js') ('Js -> d Js') e.101) =  False;
 (('Gs -> b Gs') ('Gs -> empty') ('Js -> e Js') ('Js -> Ds Js') ('Js -> f Js') ('Js -> e Js') e.101) =  False;
 (('Gs -> b Gs') ('Gs -> empty') ('Js -> e Js') ('Js -> Ds Js') ('Js -> f Js') e.101) =  False;
 (('Gs -> b Gs') ('Gs -> empty') ('Js -> e Js') ('Js -> Ds Js') e.101) =  False;
 (('Gs -> b Gs') ('Gs -> empty') ('Js -> e Js') ('Ds -> Js Ds') e.101) =  False;
 (('Gs -> b Gs') ('Gs -> empty') ('Js -> e Js') e.101) =  False;
 (('Gs -> b Gs') ('Gs -> empty') e.101) =  False;
 (('Gs -> b Gs') ('Js -> empty') e.101) =  False;
 (('Gs -> b Gs') ('Js -> Gs Js') ('Js -> empty') e.101) =  False;
 (('Gs -> b Gs') ('Js -> Gs Js') ('Js -> e Js') ('Ds -> empty') ('Js -> empty') e.101) =  False;
 (('Gs -> b Gs') ('Js -> Gs Js') ('Js -> e Js') ('Ds -> empty') ('Js -> f Js') ('Js -> empty') e.101) =  False;
 (('Gs -> b Gs') ('Js -> Gs Js') ('Js -> e Js') ('Ds -> empty') ('Js -> f Js') ('Js -> e Js') ('Js -> empty') e.101) =  False;
 (('Gs -> b Gs') ('Js -> Gs Js') ('Js -> e Js') ('Ds -> empty') ('Js -> f Js') ('Js -> e Js') ('Js -> d Js') ('Js -> empty') e.101) =  False;
 (('Gs -> b Gs') ('Js -> Gs Js') ('Js -> e Js') ('Ds -> empty') ('Js -> f Js') ('Js -> e Js') ('Js -> d Js') ('Js -> f Js') ('Js -> empty') e.101) =  False;
 (('Gs -> b Gs') ('Js -> Gs Js') ('Js -> e Js') ('Ds -> empty') ('Js -> f Js') ('Js -> e Js') ('Js -> d Js') ('Js -> f Js') ('Js -> d Js') ('Js -> empty') e.101) =  False;
 (('Gs -> b Gs') ('Js -> Gs Js') ('Js -> e Js') ('Ds -> empty') ('Js -> f Js') ('Js -> e Js') ('Js -> d Js') ('Js -> f Js') ('Js -> d Js') ('Js -> c Js') ('Js -> empty') e.101) =  False;
 (('Gs -> b Gs') ('Js -> Gs Js') ('Js -> e Js') ('Ds -> empty') ('Js -> f Js') ('Js -> e Js') ('Js -> d Js') ('Js -> f Js') ('Js -> d Js') ('Js -> c Js') ('Js -> b Js') ('Js -> empty') e.101) =  False;
 (('Gs -> b Gs') ('Js -> Gs Js') ('Js -> e Js') ('Ds -> empty') ('Js -> f Js') ('Js -> e Js') ('Js -> d Js') ('Js -> f Js') ('Js -> d Js') ('Js -> c Js') ('Js -> b Js') ('Js -> c Js') ('Js -> empty') e.101) =  False;
 (('Gs -> b Gs') ('Js -> Gs Js') ('Js -> e Js') ('Ds -> empty') ('Js -> f Js') ('Js -> e Js') ('Js -> d Js') ('Js -> f Js') ('Js -> d Js') ('Js -> c Js') ('Js -> b Js') ('Js -> c Js') ('Js -> c Js') ('Js -> empty') e.101) =  False;
 (('Gs -> b Gs') ('Js -> Gs Js') ('Js -> e Js') ('Ds -> empty') ('Js -> f Js') ('Js -> e Js') ('Js -> d Js') ('Js -> f Js') ('Js -> d Js') ('Js -> c Js') ('Js -> b Js') ('Js -> c Js') ('Js -> c Js') ('Js -> f Js') ('Js -> empty') e.101) =  False;
 (('Gs -> b Gs') ('Js -> Gs Js') ('Js -> e Js') ('Ds -> empty') ('Js -> f Js') ('Js -> e Js') ('Js -> d Js') ('Js -> f Js') ('Js -> d Js') ('Js -> c Js') ('Js -> b Js') ('Js -> c Js') ('Js -> c Js') ('Js -> f Js') ('Js -> c Js') ('Js -> empty') e.101) =  False;
 (('Gs -> b Gs') ('Js -> Gs Js') ('Js -> e Js') ('Ds -> empty') ('Js -> f Js') ('Js -> e Js') ('Js -> d Js') ('Js -> f Js') ('Js -> d Js') ('Js -> c Js') ('Js -> b Js') ('Js -> c Js') ('Js -> c Js') ('Js -> f Js') ('Js -> c Js') ('Js -> c Js') ('Js -> empty') e.101) =  False;
 (('Gs -> b Gs') ('Js -> Gs Js') ('Js -> e Js') ('Ds -> empty') ('Js -> f Js') ('Js -> e Js') ('Js -> d Js') ('Js -> f Js') ('Js -> d Js') ('Js -> c Js') ('Js -> b Js') ('Js -> c Js') ('Js -> c Js') ('Js -> f Js') ('Js -> c Js') ('Js -> c Js') ('Js -> a Js') ('Js -> empty') e.101) =  False;
 (('Gs -> b Gs') ('Js -> Gs Js') ('Js -> e Js') ('Ds -> empty') ('Js -> f Js') ('Js -> e Js') ('Js -> d Js') ('Js -> f Js') ('Js -> d Js') ('Js -> c Js') ('Js -> b Js') ('Js -> c Js') ('Js -> c Js') ('Js -> f Js') ('Js -> c Js') ('Js -> c Js') ('Js -> a Js') ('Js -> d Js') ('Js -> empty') e.101) =  False;
 (('Gs -> b Gs') ('Js -> Gs Js') ('Js -> e Js') ('Ds -> empty') ('Js -> f Js') ('Js -> e Js') ('Js -> d Js') ('Js -> f Js') ('Js -> d Js') ('Js -> c Js') ('Js -> b Js') ('Js -> c Js') ('Js -> c Js') ('Js -> f Js') ('Js -> c Js') ('Js -> c Js') ('Js -> a Js') ('Js -> d Js') ('Js -> a Js') ('Js -> empty') e.101) =  False;
 (('Gs -> b Gs') ('Js -> Gs Js') ('Js -> e Js') ('Ds -> empty') ('Js -> f Js') ('Js -> e Js') ('Js -> d Js') ('Js -> f Js') ('Js -> d Js') ('Js -> c Js') ('Js -> b Js') ('Js -> c Js') ('Js -> c Js') ('Js -> f Js') ('Js -> c Js') ('Js -> c Js') ('Js -> a Js') ('Js -> d Js') ('Js -> a Js') ('Js -> c Js') ('Js -> empty') e.101) =  False;
 (('Gs -> b Gs') ('Js -> Gs Js') ('Js -> e Js') ('Ds -> empty') ('Js -> f Js') ('Js -> e Js') ('Js -> d Js') ('Js -> f Js') ('Js -> d Js') ('Js -> c Js') ('Js -> b Js') ('Js -> c Js') ('Js -> c Js') ('Js -> f Js') ('Js -> c Js') ('Js -> c Js') ('Js -> a Js') ('Js -> d Js') ('Js -> a Js') ('Js -> c Js') ('Js -> b Js') ('Js -> empty') e.101) =  False;
 (('Gs -> b Gs') ('Js -> Gs Js') ('Js -> e Js') ('Ds -> empty') ('Js -> f Js') ('Js -> e Js') ('Js -> d Js') ('Js -> f Js') ('Js -> d Js') ('Js -> c Js') ('Js -> b Js') ('Js -> c Js') ('Js -> c Js') ('Js -> f Js') ('Js -> c Js') ('Js -> c Js') ('Js -> a Js') ('Js -> d Js') ('Js -> a Js') ('Js -> c Js') ('Js -> b Js') ('Js -> a Js') ('Js -> empty') e.101) =  False;
 (('Gs -> b Gs') ('Js -> Gs Js') ('Js -> e Js') ('Ds -> empty') ('Js -> f Js') ('Js -> e Js') ('Js -> d Js') ('Js -> f Js') ('Js -> d Js') ('Js -> c Js') ('Js -> b Js') ('Js -> c Js') ('Js -> c Js') ('Js -> f Js') ('Js -> c Js') ('Js -> c Js') ('Js -> a Js') ('Js -> d Js') ('Js -> a Js') ('Js -> c Js') ('Js -> b Js') ('Js -> a Js') ('Js -> a Js') ('Js -> empty') e.101) =  False;
 (('Gs -> b Gs') ('Js -> Gs Js') ('Js -> e Js') ('Ds -> empty') ('Js -> f Js') ('Js -> e Js') ('Js -> d Js') ('Js -> f Js') ('Js -> d Js') ('Js -> c Js') ('Js -> b Js') ('Js -> c Js') ('Js -> c Js') ('Js -> f Js') ('Js -> c Js') ('Js -> c Js') ('Js -> a Js') ('Js -> d Js') ('Js -> a Js') ('Js -> c Js') ('Js -> b Js') ('Js -> a Js') ('Js -> a Js') ('Js -> f Js') ('Js -> empty') e.101) =  False;
 (('Gs -> b Gs') ('Js -> Gs Js') ('Js -> e Js') ('Ds -> empty') ('Js -> f Js') ('Js -> e Js') ('Js -> d Js') ('Js -> f Js') ('Js -> d Js') ('Js -> c Js') ('Js -> b Js') ('Js -> c Js') ('Js -> c Js') ('Js -> f Js') ('Js -> c Js') ('Js -> c Js') ('Js -> a Js') ('Js -> d Js') ('Js -> a Js') ('Js -> c Js') ('Js -> b Js') ('Js -> a Js') ('Js -> a Js') ('Js -> f Js') ('Js -> f Js') ('Js -> empty') e.101) =  False;
 (('Gs -> b Gs') ('Js -> Gs Js') ('Js -> e Js') ('Ds -> empty') ('Js -> f Js') ('Js -> e Js') ('Js -> d Js') ('Js -> f Js') ('Js -> d Js') ('Js -> c Js') ('Js -> b Js') ('Js -> c Js') ('Js -> c Js') ('Js -> f Js') ('Js -> c Js') ('Js -> c Js') ('Js -> a Js') ('Js -> d Js') ('Js -> a Js') ('Js -> c Js') ('Js -> b Js') ('Js -> a Js') ('Js -> a Js') ('Js -> f Js') ('Js -> f Js') ('Js -> c Js') ('Js -> empty') e.101) =  False;
 (('Gs -> b Gs') ('Js -> Gs Js') ('Js -> e Js') ('Ds -> empty') ('Js -> f Js') ('Js -> e Js') ('Js -> d Js') ('Js -> f Js') ('Js -> d Js') ('Js -> c Js') ('Js -> b Js') ('Js -> c Js') ('Js -> c Js') ('Js -> f Js') ('Js -> c Js') ('Js -> c Js') ('Js -> a Js') ('Js -> d Js') ('Js -> a Js') ('Js -> c Js') ('Js -> b Js') ('Js -> a Js') ('Js -> a Js') ('Js -> f Js') ('Js -> f Js') ('Js -> c Js') ('Js -> f Js') ('Js -> empty') e.101) =  False;
 (('Gs -> b Gs') ('Js -> Gs Js') ('Js -> e Js') ('Ds -> empty') ('Js -> f Js') ('Js -> e Js') ('Js -> d Js') ('Js -> f Js') ('Js -> d Js') ('Js -> c Js') ('Js -> b Js') ('Js -> c Js') ('Js -> c Js') ('Js -> f Js') ('Js -> c Js') ('Js -> c Js') ('Js -> a Js') ('Js -> d Js') ('Js -> a Js') ('Js -> c Js') ('Js -> b Js') ('Js -> a Js') ('Js -> a Js') ('Js -> f Js') ('Js -> f Js') ('Js -> c Js') ('Js -> f Js') ('Js -> f Js') ('Js -> empty') e.101) =  False;
 (('Gs -> b Gs') ('Js -> Gs Js') ('Js -> e Js') ('Ds -> empty') ('Js -> f Js') ('Js -> e Js') ('Js -> d Js') ('Js -> f Js') ('Js -> d Js') ('Js -> c Js') ('Js -> b Js') ('Js -> c Js') ('Js -> c Js') ('Js -> f Js') ('Js -> c Js') ('Js -> c Js') ('Js -> a Js') ('Js -> d Js') ('Js -> a Js') ('Js -> c Js') ('Js -> b Js') ('Js -> a Js') ('Js -> a Js') ('Js -> f Js') ('Js -> f Js') ('Js -> c Js') ('Js -> f Js') ('Js -> f Js') ('Js -> b Js') ('Js -> empty') e.101) =  False;
 (('Gs -> b Gs') ('Js -> Gs Js') ('Js -> e Js') ('Ds -> empty') ('Js -> f Js') ('Js -> e Js') ('Js -> d Js') ('Js -> f Js') ('Js -> d Js') ('Js -> c Js') ('Js -> b Js') ('Js -> c Js') ('Js -> c Js') ('Js -> f Js') ('Js -> c Js') ('Js -> c Js') ('Js -> a Js') ('Js -> d Js') ('Js -> a Js') ('Js -> c Js') ('Js -> b Js') ('Js -> a Js') ('Js -> a Js') ('Js -> f Js') ('Js -> f Js') ('Js -> c Js') ('Js -> f Js') ('Js -> f Js') ('Js -> b Js') ('Js -> c Js') ('Js -> empty')) =  True;
 (('Gs -> b Gs') ('Js -> Gs Js') ('Js -> e Js') ('Ds -> empty') ('Js -> f Js') ('Js -> e Js') ('Js -> d Js') ('Js -> f Js') ('Js -> d Js') ('Js -> c Js') ('Js -> b Js') ('Js -> c Js') ('Js -> c Js') ('Js -> f Js') ('Js -> c Js') ('Js -> c Js') ('Js -> a Js') ('Js -> d Js') ('Js -> a Js') ('Js -> c Js') ('Js -> b Js') ('Js -> a Js') ('Js -> a Js') ('Js -> f Js') ('Js -> f Js') ('Js -> c Js') ('Js -> f Js') ('Js -> f Js') ('Js -> b Js') ('Js -> c Js') ('Js -> empty') e.101) =  False;
 (('Gs -> b Gs') ('Js -> Gs Js') ('Js -> e Js') ('Ds -> empty') ('Js -> f Js') ('Js -> e Js') ('Js -> d Js') ('Js -> f Js') ('Js -> d Js') ('Js -> c Js') ('Js -> b Js') ('Js -> c Js') ('Js -> c Js') ('Js -> f Js') ('Js -> c Js') ('Js -> c Js') ('Js -> a Js') ('Js -> d Js') ('Js -> a Js') ('Js -> c Js') ('Js -> b Js') ('Js -> a Js') ('Js -> a Js') ('Js -> f Js') ('Js -> f Js') ('Js -> c Js') ('Js -> f Js') ('Js -> f Js') ('Js -> b Js') ('Js -> c Js') e.101) =  False;
 (('Gs -> b Gs') ('Js -> Gs Js') ('Js -> e Js') ('Ds -> empty') ('Js -> f Js') ('Js -> e Js') ('Js -> d Js') ('Js -> f Js') ('Js -> d Js') ('Js -> c Js') ('Js -> b Js') ('Js -> c Js') ('Js -> c Js') ('Js -> f Js') ('Js -> c Js') ('Js -> c Js') ('Js -> a Js') ('Js -> d Js') ('Js -> a Js') ('Js -> c Js') ('Js -> b Js') ('Js -> a Js') ('Js -> a Js') ('Js -> f Js') ('Js -> f Js') ('Js -> c Js') ('Js -> f Js') ('Js -> f Js') ('Js -> b Js') e.101) =  False;
 (('Gs -> b Gs') ('Js -> Gs Js') ('Js -> e Js') ('Ds -> empty') ('Js -> f Js') ('Js -> e Js') ('Js -> d Js') ('Js -> f Js') ('Js -> d Js') ('Js -> c Js') ('Js -> b Js') ('Js -> c Js') ('Js -> c Js') ('Js -> f Js') ('Js -> c Js') ('Js -> c Js') ('Js -> a Js') ('Js -> d Js') ('Js -> a Js') ('Js -> c Js') ('Js -> b Js') ('Js -> a Js') ('Js -> a Js') ('Js -> f Js') ('Js -> f Js') ('Js -> c Js') ('Js -> f Js') ('Js -> f Js') e.101) =  False;
 (('Gs -> b Gs') ('Js -> Gs Js') ('Js -> e Js') ('Ds -> empty') ('Js -> f Js') ('Js -> e Js') ('Js -> d Js') ('Js -> f Js') ('Js -> d Js') ('Js -> c Js') ('Js -> b Js') ('Js -> c Js') ('Js -> c Js') ('Js -> f Js') ('Js -> c Js') ('Js -> c Js') ('Js -> a Js') ('Js -> d Js') ('Js -> a Js') ('Js -> c Js') ('Js -> b Js') ('Js -> a Js') ('Js -> a Js') ('Js -> f Js') ('Js -> f Js') ('Js -> c Js') ('Js -> f Js') e.101) =  False;
 (('Gs -> b Gs') ('Js -> Gs Js') ('Js -> e Js') ('Ds -> empty') ('Js -> f Js') ('Js -> e Js') ('Js -> d Js') ('Js -> f Js') ('Js -> d Js') ('Js -> c Js') ('Js -> b Js') ('Js -> c Js') ('Js -> c Js') ('Js -> f Js') ('Js -> c Js') ('Js -> c Js') ('Js -> a Js') ('Js -> d Js') ('Js -> a Js') ('Js -> c Js') ('Js -> b Js') ('Js -> a Js') ('Js -> a Js') ('Js -> f Js') ('Js -> f Js') ('Js -> c Js') e.101) =  False;
 (('Gs -> b Gs') ('Js -> Gs Js') ('Js -> e Js') ('Ds -> empty') ('Js -> f Js') ('Js -> e Js') ('Js -> d Js') ('Js -> f Js') ('Js -> d Js') ('Js -> c Js') ('Js -> b Js') ('Js -> c Js') ('Js -> c Js') ('Js -> f Js') ('Js -> c Js') ('Js -> c Js') ('Js -> a Js') ('Js -> d Js') ('Js -> a Js') ('Js -> c Js') ('Js -> b Js') ('Js -> a Js') ('Js -> a Js') ('Js -> f Js') ('Js -> f Js') e.101) =  False;
 (('Gs -> b Gs') ('Js -> Gs Js') ('Js -> e Js') ('Ds -> empty') ('Js -> f Js') ('Js -> e Js') ('Js -> d Js') ('Js -> f Js') ('Js -> d Js') ('Js -> c Js') ('Js -> b Js') ('Js -> c Js') ('Js -> c Js') ('Js -> f Js') ('Js -> c Js') ('Js -> c Js') ('Js -> a Js') ('Js -> d Js') ('Js -> a Js') ('Js -> c Js') ('Js -> b Js') ('Js -> a Js') ('Js -> a Js') ('Js -> f Js') e.101) =  False;
 (('Gs -> b Gs') ('Js -> Gs Js') ('Js -> e Js') ('Ds -> empty') ('Js -> f Js') ('Js -> e Js') ('Js -> d Js') ('Js -> f Js') ('Js -> d Js') ('Js -> c Js') ('Js -> b Js') ('Js -> c Js') ('Js -> c Js') ('Js -> f Js') ('Js -> c Js') ('Js -> c Js') ('Js -> a Js') ('Js -> d Js') ('Js -> a Js') ('Js -> c Js') ('Js -> b Js') ('Js -> a Js') ('Js -> a Js') e.101) =  False;
 (('Gs -> b Gs') ('Js -> Gs Js') ('Js -> e Js') ('Ds -> empty') ('Js -> f Js') ('Js -> e Js') ('Js -> d Js') ('Js -> f Js') ('Js -> d Js') ('Js -> c Js') ('Js -> b Js') ('Js -> c Js') ('Js -> c Js') ('Js -> f Js') ('Js -> c Js') ('Js -> c Js') ('Js -> a Js') ('Js -> d Js') ('Js -> a Js') ('Js -> c Js') ('Js -> b Js') ('Js -> a Js') e.101) =  False;
 (('Gs -> b Gs') ('Js -> Gs Js') ('Js -> e Js') ('Ds -> empty') ('Js -> f Js') ('Js -> e Js') ('Js -> d Js') ('Js -> f Js') ('Js -> d Js') ('Js -> c Js') ('Js -> b Js') ('Js -> c Js') ('Js -> c Js') ('Js -> f Js') ('Js -> c Js') ('Js -> c Js') ('Js -> a Js') ('Js -> d Js') ('Js -> a Js') ('Js -> c Js') ('Js -> b Js') e.101) =  False;
 (('Gs -> b Gs') ('Js -> Gs Js') ('Js -> e Js') ('Ds -> empty') ('Js -> f Js') ('Js -> e Js') ('Js -> d Js') ('Js -> f Js') ('Js -> d Js') ('Js -> c Js') ('Js -> b Js') ('Js -> c Js') ('Js -> c Js') ('Js -> f Js') ('Js -> c Js') ('Js -> c Js') ('Js -> a Js') ('Js -> d Js') ('Js -> a Js') ('Js -> c Js') e.101) =  False;
 (('Gs -> b Gs') ('Js -> Gs Js') ('Js -> e Js') ('Ds -> empty') ('Js -> f Js') ('Js -> e Js') ('Js -> d Js') ('Js -> f Js') ('Js -> d Js') ('Js -> c Js') ('Js -> b Js') ('Js -> c Js') ('Js -> c Js') ('Js -> f Js') ('Js -> c Js') ('Js -> c Js') ('Js -> a Js') ('Js -> d Js') ('Js -> a Js') e.101) =  False;
 (('Gs -> b Gs') ('Js -> Gs Js') ('Js -> e Js') ('Ds -> empty') ('Js -> f Js') ('Js -> e Js') ('Js -> d Js') ('Js -> f Js') ('Js -> d Js') ('Js -> c Js') ('Js -> b Js') ('Js -> c Js') ('Js -> c Js') ('Js -> f Js') ('Js -> c Js') ('Js -> c Js') ('Js -> a Js') ('Js -> d Js') e.101) =  False;
 (('Gs -> b Gs') ('Js -> Gs Js') ('Js -> e Js') ('Ds -> empty') ('Js -> f Js') ('Js -> e Js') ('Js -> d Js') ('Js -> f Js') ('Js -> d Js') ('Js -> c Js') ('Js -> b Js') ('Js -> c Js') ('Js -> c Js') ('Js -> f Js') ('Js -> c Js') ('Js -> c Js') ('Js -> a Js') e.101) =  False;
 (('Gs -> b Gs') ('Js -> Gs Js') ('Js -> e Js') ('Ds -> empty') ('Js -> f Js') ('Js -> e Js') ('Js -> d Js') ('Js -> f Js') ('Js -> d Js') ('Js -> c Js') ('Js -> b Js') ('Js -> c Js') ('Js -> c Js') ('Js -> f Js') ('Js -> c Js') ('Js -> c Js') e.101) =  False;
 (('Gs -> b Gs') ('Js -> Gs Js') ('Js -> e Js') ('Ds -> empty') ('Js -> f Js') ('Js -> e Js') ('Js -> d Js') ('Js -> f Js') ('Js -> d Js') ('Js -> c Js') ('Js -> b Js') ('Js -> c Js') ('Js -> c Js') ('Js -> f Js') ('Js -> c Js') e.101) =  False;
 (('Gs -> b Gs') ('Js -> Gs Js') ('Js -> e Js') ('Ds -> empty') ('Js -> f Js') ('Js -> e Js') ('Js -> d Js') ('Js -> f Js') ('Js -> d Js') ('Js -> c Js') ('Js -> b Js') ('Js -> c Js') ('Js -> c Js') ('Js -> f Js') e.101) =  False;
 (('Gs -> b Gs') ('Js -> Gs Js') ('Js -> e Js') ('Ds -> empty') ('Js -> f Js') ('Js -> e Js') ('Js -> d Js') ('Js -> f Js') ('Js -> d Js') ('Js -> c Js') ('Js -> b Js') ('Js -> c Js') ('Js -> c Js') e.101) =  False;
 (('Gs -> b Gs') ('Js -> Gs Js') ('Js -> e Js') ('Ds -> empty') ('Js -> f Js') ('Js -> e Js') ('Js -> d Js') ('Js -> f Js') ('Js -> d Js') ('Js -> c Js') ('Js -> b Js') ('Js -> c Js') e.101) =  False;
 (('Gs -> b Gs') ('Js -> Gs Js') ('Js -> e Js') ('Ds -> empty') ('Js -> f Js') ('Js -> e Js') ('Js -> d Js') ('Js -> f Js') ('Js -> d Js') ('Js -> c Js') ('Js -> b Js') e.101) =  False;
 (('Gs -> b Gs') ('Js -> Gs Js') ('Js -> e Js') ('Ds -> empty') ('Js -> f Js') ('Js -> e Js') ('Js -> d Js') ('Js -> f Js') ('Js -> d Js') ('Js -> c Js') e.101) =  False;
 (('Gs -> b Gs') ('Js -> Gs Js') ('Js -> e Js') ('Ds -> empty') ('Js -> f Js') ('Js -> e Js') ('Js -> d Js') ('Js -> f Js') ('Js -> d Js') e.101) =  False;
 (('Gs -> b Gs') ('Js -> Gs Js') ('Js -> e Js') ('Ds -> empty') ('Js -> f Js') ('Js -> e Js') ('Js -> d Js') ('Js -> f Js') e.101) =  False;
 (('Gs -> b Gs') ('Js -> Gs Js') ('Js -> e Js') ('Ds -> empty') ('Js -> f Js') ('Js -> e Js') ('Js -> d Js') e.101) =  False;
 (('Gs -> b Gs') ('Js -> Gs Js') ('Js -> e Js') ('Ds -> empty') ('Js -> f Js') ('Js -> e Js') e.101) =  False;
 (('Gs -> b Gs') ('Js -> Gs Js') ('Js -> e Js') ('Ds -> empty') ('Js -> f Js') e.101) =  False;
 (('Gs -> b Gs') ('Js -> Gs Js') ('Js -> e Js') ('Ds -> empty') e.101) =  False;
 (('Gs -> b Gs') ('Js -> Gs Js') ('Js -> e Js') ('Js -> empty') e.101) =  False;
 (('Gs -> b Gs') ('Js -> Gs Js') ('Js -> e Js') ('Js -> Ds Js') ('Js -> empty') e.101) =  False;
 (('Gs -> b Gs') ('Js -> Gs Js') ('Js -> e Js') ('Js -> Ds Js') ('Js -> f Js') ('Js -> empty') e.101) =  False;
 (('Gs -> b Gs') ('Js -> Gs Js') ('Js -> e Js') ('Js -> Ds Js') ('Js -> f Js') ('Js -> e Js') ('Js -> empty') e.101) =  False;
 (('Gs -> b Gs') ('Js -> Gs Js') ('Js -> e Js') ('Js -> Ds Js') ('Js -> f Js') ('Js -> e Js') ('Js -> d Js') ('Js -> empty') e.101) =  False;
 (('Gs -> b Gs') ('Js -> Gs Js') ('Js -> e Js') ('Js -> Ds Js') ('Js -> f Js') ('Js -> e Js') ('Js -> d Js') ('Js -> f Js') ('Js -> empty') e.101) =  False;
 (('Gs -> b Gs') ('Js -> Gs Js') ('Js -> e Js') ('Js -> Ds Js') ('Js -> f Js') ('Js -> e Js') ('Js -> d Js') ('Js -> f Js') ('Js -> d Js') ('Js -> empty') e.101) =  False;
 (('Gs -> b Gs') ('Js -> Gs Js') ('Js -> e Js') ('Js -> Ds Js') ('Js -> f Js') ('Js -> e Js') ('Js -> d Js') ('Js -> f Js') ('Js -> d Js') ('Js -> c Js') ('Js -> empty') e.101) =  False;
 (('Gs -> b Gs') ('Js -> Gs Js') ('Js -> e Js') ('Js -> Ds Js') ('Js -> f Js') ('Js -> e Js') ('Js -> d Js') ('Js -> f Js') ('Js -> d Js') ('Js -> c Js') ('Js -> b Js') ('Js -> empty') e.101) =  False;
 (('Gs -> b Gs') ('Js -> Gs Js') ('Js -> e Js') ('Js -> Ds Js') ('Js -> f Js') ('Js -> e Js') ('Js -> d Js') ('Js -> f Js') ('Js -> d Js') ('Js -> c Js') ('Js -> b Js') ('Js -> c Js') ('Js -> empty') e.101) =  False;
 (('Gs -> b Gs') ('Js -> Gs Js') ('Js -> e Js') ('Js -> Ds Js') ('Js -> f Js') ('Js -> e Js') ('Js -> d Js') ('Js -> f Js') ('Js -> d Js') ('Js -> c Js') ('Js -> b Js') ('Js -> c Js') ('Js -> c Js') ('Js -> empty') e.101) =  False;
 (('Gs -> b Gs') ('Js -> Gs Js') ('Js -> e Js') ('Js -> Ds Js') ('Js -> f Js') ('Js -> e Js') ('Js -> d Js') ('Js -> f Js') ('Js -> d Js') ('Js -> c Js') ('Js -> b Js') ('Js -> c Js') ('Js -> c Js') ('Js -> f Js') ('Js -> empty') e.101) =  False;
 (('Gs -> b Gs') ('Js -> Gs Js') ('Js -> e Js') ('Js -> Ds Js') ('Js -> f Js') ('Js -> e Js') ('Js -> d Js') ('Js -> f Js') ('Js -> d Js') ('Js -> c Js') ('Js -> b Js') ('Js -> c Js') ('Js -> c Js') ('Js -> f Js') ('Js -> c Js') ('Js -> empty') e.101) =  False;
 (('Gs -> b Gs') ('Js -> Gs Js') ('Js -> e Js') ('Js -> Ds Js') ('Js -> f Js') ('Js -> e Js') ('Js -> d Js') ('Js -> f Js') ('Js -> d Js') ('Js -> c Js') ('Js -> b Js') ('Js -> c Js') ('Js -> c Js') ('Js -> f Js') ('Js -> c Js') ('Js -> c Js') ('Js -> empty') e.101) =  False;
 (('Gs -> b Gs') ('Js -> Gs Js') ('Js -> e Js') ('Js -> Ds Js') ('Js -> f Js') ('Js -> e Js') ('Js -> d Js') ('Js -> f Js') ('Js -> d Js') ('Js -> c Js') ('Js -> b Js') ('Js -> c Js') ('Js -> c Js') ('Js -> f Js') ('Js -> c Js') ('Js -> c Js') ('Js -> a Js') ('Js -> empty') e.101) =  False;
 (('Gs -> b Gs') ('Js -> Gs Js') ('Js -> e Js') ('Js -> Ds Js') ('Js -> f Js') ('Js -> e Js') ('Js -> d Js') ('Js -> f Js') ('Js -> d Js') ('Js -> c Js') ('Js -> b Js') ('Js -> c Js') ('Js -> c Js') ('Js -> f Js') ('Js -> c Js') ('Js -> c Js') ('Js -> a Js') ('Js -> d Js') ('Js -> empty') e.101) =  False;
 (('Gs -> b Gs') ('Js -> Gs Js') ('Js -> e Js') ('Js -> Ds Js') ('Js -> f Js') ('Js -> e Js') ('Js -> d Js') ('Js -> f Js') ('Js -> d Js') ('Js -> c Js') ('Js -> b Js') ('Js -> c Js') ('Js -> c Js') ('Js -> f Js') ('Js -> c Js') ('Js -> c Js') ('Js -> a Js') ('Js -> d Js') ('Js -> a Js') ('Js -> empty') e.101) =  False;
 (('Gs -> b Gs') ('Js -> Gs Js') ('Js -> e Js') ('Js -> Ds Js') ('Js -> f Js') ('Js -> e Js') ('Js -> d Js') ('Js -> f Js') ('Js -> d Js') ('Js -> c Js') ('Js -> b Js') ('Js -> c Js') ('Js -> c Js') ('Js -> f Js') ('Js -> c Js') ('Js -> c Js') ('Js -> a Js') ('Js -> d Js') ('Js -> a Js') ('Js -> c Js') ('Js -> empty') e.101) =  False;
 (('Gs -> b Gs') ('Js -> Gs Js') ('Js -> e Js') ('Js -> Ds Js') ('Js -> f Js') ('Js -> e Js') ('Js -> d Js') ('Js -> f Js') ('Js -> d Js') ('Js -> c Js') ('Js -> b Js') ('Js -> c Js') ('Js -> c Js') ('Js -> f Js') ('Js -> c Js') ('Js -> c Js') ('Js -> a Js') ('Js -> d Js') ('Js -> a Js') ('Js -> c Js') ('Js -> b Js') ('Js -> empty') e.101) =  False;
 (('Gs -> b Gs') ('Js -> Gs Js') ('Js -> e Js') ('Js -> Ds Js') ('Js -> f Js') ('Js -> e Js') ('Js -> d Js') ('Js -> f Js') ('Js -> d Js') ('Js -> c Js') ('Js -> b Js') ('Js -> c Js') ('Js -> c Js') ('Js -> f Js') ('Js -> c Js') ('Js -> c Js') ('Js -> a Js') ('Js -> d Js') ('Js -> a Js') ('Js -> c Js') ('Js -> b Js') ('Js -> a Js') ('Js -> empty') e.101) =  False;
 (('Gs -> b Gs') ('Js -> Gs Js') ('Js -> e Js') ('Js -> Ds Js') ('Js -> f Js') ('Js -> e Js') ('Js -> d Js') ('Js -> f Js') ('Js -> d Js') ('Js -> c Js') ('Js -> b Js') ('Js -> c Js') ('Js -> c Js') ('Js -> f Js') ('Js -> c Js') ('Js -> c Js') ('Js -> a Js') ('Js -> d Js') ('Js -> a Js') ('Js -> c Js') ('Js -> b Js') ('Js -> a Js') ('Js -> a Js') ('Js -> empty') e.101) =  False;
 (('Gs -> b Gs') ('Js -> Gs Js') ('Js -> e Js') ('Js -> Ds Js') ('Js -> f Js') ('Js -> e Js') ('Js -> d Js') ('Js -> f Js') ('Js -> d Js') ('Js -> c Js') ('Js -> b Js') ('Js -> c Js') ('Js -> c Js') ('Js -> f Js') ('Js -> c Js') ('Js -> c Js') ('Js -> a Js') ('Js -> d Js') ('Js -> a Js') ('Js -> c Js') ('Js -> b Js') ('Js -> a Js') ('Js -> a Js') ('Js -> f Js') ('Js -> empty') e.101) =  False;
 (('Gs -> b Gs') ('Js -> Gs Js') ('Js -> e Js') ('Js -> Ds Js') ('Js -> f Js') ('Js -> e Js') ('Js -> d Js') ('Js -> f Js') ('Js -> d Js') ('Js -> c Js') ('Js -> b Js') ('Js -> c Js') ('Js -> c Js') ('Js -> f Js') ('Js -> c Js') ('Js -> c Js') ('Js -> a Js') ('Js -> d Js') ('Js -> a Js') ('Js -> c Js') ('Js -> b Js') ('Js -> a Js') ('Js -> a Js') ('Js -> f Js') ('Js -> f Js') ('Js -> empty') e.101) =  False;
 (('Gs -> b Gs') ('Js -> Gs Js') ('Js -> e Js') ('Js -> Ds Js') ('Js -> f Js') ('Js -> e Js') ('Js -> d Js') ('Js -> f Js') ('Js -> d Js') ('Js -> c Js') ('Js -> b Js') ('Js -> c Js') ('Js -> c Js') ('Js -> f Js') ('Js -> c Js') ('Js -> c Js') ('Js -> a Js') ('Js -> d Js') ('Js -> a Js') ('Js -> c Js') ('Js -> b Js') ('Js -> a Js') ('Js -> a Js') ('Js -> f Js') ('Js -> f Js') ('Js -> c Js') ('Js -> empty') e.101) =  False;
 (('Gs -> b Gs') ('Js -> Gs Js') ('Js -> e Js') ('Js -> Ds Js') ('Js -> f Js') ('Js -> e Js') ('Js -> d Js') ('Js -> f Js') ('Js -> d Js') ('Js -> c Js') ('Js -> b Js') ('Js -> c Js') ('Js -> c Js') ('Js -> f Js') ('Js -> c Js') ('Js -> c Js') ('Js -> a Js') ('Js -> d Js') ('Js -> a Js') ('Js -> c Js') ('Js -> b Js') ('Js -> a Js') ('Js -> a Js') ('Js -> f Js') ('Js -> f Js') ('Js -> c Js') ('Js -> f Js') ('Js -> empty') e.101) =  False;
 (('Gs -> b Gs') ('Js -> Gs Js') ('Js -> e Js') ('Js -> Ds Js') ('Js -> f Js') ('Js -> e Js') ('Js -> d Js') ('Js -> f Js') ('Js -> d Js') ('Js -> c Js') ('Js -> b Js') ('Js -> c Js') ('Js -> c Js') ('Js -> f Js') ('Js -> c Js') ('Js -> c Js') ('Js -> a Js') ('Js -> d Js') ('Js -> a Js') ('Js -> c Js') ('Js -> b Js') ('Js -> a Js') ('Js -> a Js') ('Js -> f Js') ('Js -> f Js') ('Js -> c Js') ('Js -> f Js') ('Js -> f Js') ('Js -> empty') e.101) =  False;
 (('Gs -> b Gs') ('Js -> Gs Js') ('Js -> e Js') ('Js -> Ds Js') ('Js -> f Js') ('Js -> e Js') ('Js -> d Js') ('Js -> f Js') ('Js -> d Js') ('Js -> c Js') ('Js -> b Js') ('Js -> c Js') ('Js -> c Js') ('Js -> f Js') ('Js -> c Js') ('Js -> c Js') ('Js -> a Js') ('Js -> d Js') ('Js -> a Js') ('Js -> c Js') ('Js -> b Js') ('Js -> a Js') ('Js -> a Js') ('Js -> f Js') ('Js -> f Js') ('Js -> c Js') ('Js -> f Js') ('Js -> f Js') ('Js -> b Js') ('Js -> empty') e.101) =  False;
 (('Gs -> b Gs') ('Js -> Gs Js') ('Js -> e Js') ('Js -> Ds Js') ('Js -> f Js') ('Js -> e Js') ('Js -> d Js') ('Js -> f Js') ('Js -> d Js') ('Js -> c Js') ('Js -> b Js') ('Js -> c Js') ('Js -> c Js') ('Js -> f Js') ('Js -> c Js') ('Js -> c Js') ('Js -> a Js') ('Js -> d Js') ('Js -> a Js') ('Js -> c Js') ('Js -> b Js') ('Js -> a Js') ('Js -> a Js') ('Js -> f Js') ('Js -> f Js') ('Js -> c Js') ('Js -> f Js') ('Js -> f Js') ('Js -> b Js') ('Js -> c Js') ('Js -> empty')) =  True;
 (('Gs -> b Gs') ('Js -> Gs Js') ('Js -> e Js') ('Js -> Ds Js') ('Js -> f Js') ('Js -> e Js') ('Js -> d Js') ('Js -> f Js') ('Js -> d Js') ('Js -> c Js') ('Js -> b Js') ('Js -> c Js') ('Js -> c Js') ('Js -> f Js') ('Js -> c Js') ('Js -> c Js') ('Js -> a Js') ('Js -> d Js') ('Js -> a Js') ('Js -> c Js') ('Js -> b Js') ('Js -> a Js') ('Js -> a Js') ('Js -> f Js') ('Js -> f Js') ('Js -> c Js') ('Js -> f Js') ('Js -> f Js') ('Js -> b Js') ('Js -> c Js') ('Js -> empty') e.101) =  False;
 (('Gs -> b Gs') ('Js -> Gs Js') ('Js -> e Js') ('Js -> Ds Js') ('Js -> f Js') ('Js -> e Js') ('Js -> d Js') ('Js -> f Js') ('Js -> d Js') ('Js -> c Js') ('Js -> b Js') ('Js -> c Js') ('Js -> c Js') ('Js -> f Js') ('Js -> c Js') ('Js -> c Js') ('Js -> a Js') ('Js -> d Js') ('Js -> a Js') ('Js -> c Js') ('Js -> b Js') ('Js -> a Js') ('Js -> a Js') ('Js -> f Js') ('Js -> f Js') ('Js -> c Js') ('Js -> f Js') ('Js -> f Js') ('Js -> b Js') ('Js -> c Js') e.101) =  False;
 (('Gs -> b Gs') ('Js -> Gs Js') ('Js -> e Js') ('Js -> Ds Js') ('Js -> f Js') ('Js -> e Js') ('Js -> d Js') ('Js -> f Js') ('Js -> d Js') ('Js -> c Js') ('Js -> b Js') ('Js -> c Js') ('Js -> c Js') ('Js -> f Js') ('Js -> c Js') ('Js -> c Js') ('Js -> a Js') ('Js -> d Js') ('Js -> a Js') ('Js -> c Js') ('Js -> b Js') ('Js -> a Js') ('Js -> a Js') ('Js -> f Js') ('Js -> f Js') ('Js -> c Js') ('Js -> f Js') ('Js -> f Js') ('Js -> b Js') e.101) =  False;
 (('Gs -> b Gs') ('Js -> Gs Js') ('Js -> e Js') ('Js -> Ds Js') ('Js -> f Js') ('Js -> e Js') ('Js -> d Js') ('Js -> f Js') ('Js -> d Js') ('Js -> c Js') ('Js -> b Js') ('Js -> c Js') ('Js -> c Js') ('Js -> f Js') ('Js -> c Js') ('Js -> c Js') ('Js -> a Js') ('Js -> d Js') ('Js -> a Js') ('Js -> c Js') ('Js -> b Js') ('Js -> a Js') ('Js -> a Js') ('Js -> f Js') ('Js -> f Js') ('Js -> c Js') ('Js -> f Js') ('Js -> f Js') e.101) =  False;
 (('Gs -> b Gs') ('Js -> Gs Js') ('Js -> e Js') ('Js -> Ds Js') ('Js -> f Js') ('Js -> e Js') ('Js -> d Js') ('Js -> f Js') ('Js -> d Js') ('Js -> c Js') ('Js -> b Js') ('Js -> c Js') ('Js -> c Js') ('Js -> f Js') ('Js -> c Js') ('Js -> c Js') ('Js -> a Js') ('Js -> d Js') ('Js -> a Js') ('Js -> c Js') ('Js -> b Js') ('Js -> a Js') ('Js -> a Js') ('Js -> f Js') ('Js -> f Js') ('Js -> c Js') ('Js -> f Js') e.101) =  False;
 (('Gs -> b Gs') ('Js -> Gs Js') ('Js -> e Js') ('Js -> Ds Js') ('Js -> f Js') ('Js -> e Js') ('Js -> d Js') ('Js -> f Js') ('Js -> d Js') ('Js -> c Js') ('Js -> b Js') ('Js -> c Js') ('Js -> c Js') ('Js -> f Js') ('Js -> c Js') ('Js -> c Js') ('Js -> a Js') ('Js -> d Js') ('Js -> a Js') ('Js -> c Js') ('Js -> b Js') ('Js -> a Js') ('Js -> a Js') ('Js -> f Js') ('Js -> f Js') ('Js -> c Js') e.101) =  False;
 (('Gs -> b Gs') ('Js -> Gs Js') ('Js -> e Js') ('Js -> Ds Js') ('Js -> f Js') ('Js -> e Js') ('Js -> d Js') ('Js -> f Js') ('Js -> d Js') ('Js -> c Js') ('Js -> b Js') ('Js -> c Js') ('Js -> c Js') ('Js -> f Js') ('Js -> c Js') ('Js -> c Js') ('Js -> a Js') ('Js -> d Js') ('Js -> a Js') ('Js -> c Js') ('Js -> b Js') ('Js -> a Js') ('Js -> a Js') ('Js -> f Js') ('Js -> f Js') e.101) =  False;
 (('Gs -> b Gs') ('Js -> Gs Js') ('Js -> e Js') ('Js -> Ds Js') ('Js -> f Js') ('Js -> e Js') ('Js -> d Js') ('Js -> f Js') ('Js -> d Js') ('Js -> c Js') ('Js -> b Js') ('Js -> c Js') ('Js -> c Js') ('Js -> f Js') ('Js -> c Js') ('Js -> c Js') ('Js -> a Js') ('Js -> d Js') ('Js -> a Js') ('Js -> c Js') ('Js -> b Js') ('Js -> a Js') ('Js -> a Js') ('Js -> f Js') e.101) =  False;
 (('Gs -> b Gs') ('Js -> Gs Js') ('Js -> e Js') ('Js -> Ds Js') ('Js -> f Js') ('Js -> e Js') ('Js -> d Js') ('Js -> f Js') ('Js -> d Js') ('Js -> c Js') ('Js -> b Js') ('Js -> c Js') ('Js -> c Js') ('Js -> f Js') ('Js -> c Js') ('Js -> c Js') ('Js -> a Js') ('Js -> d Js') ('Js -> a Js') ('Js -> c Js') ('Js -> b Js') ('Js -> a Js') ('Js -> a Js') e.101) =  False;
 (('Gs -> b Gs') ('Js -> Gs Js') ('Js -> e Js') ('Js -> Ds Js') ('Js -> f Js') ('Js -> e Js') ('Js -> d Js') ('Js -> f Js') ('Js -> d Js') ('Js -> c Js') ('Js -> b Js') ('Js -> c Js') ('Js -> c Js') ('Js -> f Js') ('Js -> c Js') ('Js -> c Js') ('Js -> a Js') ('Js -> d Js') ('Js -> a Js') ('Js -> c Js') ('Js -> b Js') ('Js -> a Js') e.101) =  False;
 (('Gs -> b Gs') ('Js -> Gs Js') ('Js -> e Js') ('Js -> Ds Js') ('Js -> f Js') ('Js -> e Js') ('Js -> d Js') ('Js -> f Js') ('Js -> d Js') ('Js -> c Js') ('Js -> b Js') ('Js -> c Js') ('Js -> c Js') ('Js -> f Js') ('Js -> c Js') ('Js -> c Js') ('Js -> a Js') ('Js -> d Js') ('Js -> a Js') ('Js -> c Js') ('Js -> b Js') e.101) =  False;
 (('Gs -> b Gs') ('Js -> Gs Js') ('Js -> e Js') ('Js -> Ds Js') ('Js -> f Js') ('Js -> e Js') ('Js -> d Js') ('Js -> f Js') ('Js -> d Js') ('Js -> c Js') ('Js -> b Js') ('Js -> c Js') ('Js -> c Js') ('Js -> f Js') ('Js -> c Js') ('Js -> c Js') ('Js -> a Js') ('Js -> d Js') ('Js -> a Js') ('Js -> c Js') e.101) =  False;
 (('Gs -> b Gs') ('Js -> Gs Js') ('Js -> e Js') ('Js -> Ds Js') ('Js -> f Js') ('Js -> e Js') ('Js -> d Js') ('Js -> f Js') ('Js -> d Js') ('Js -> c Js') ('Js -> b Js') ('Js -> c Js') ('Js -> c Js') ('Js -> f Js') ('Js -> c Js') ('Js -> c Js') ('Js -> a Js') ('Js -> d Js') ('Js -> a Js') e.101) =  False;
 (('Gs -> b Gs') ('Js -> Gs Js') ('Js -> e Js') ('Js -> Ds Js') ('Js -> f Js') ('Js -> e Js') ('Js -> d Js') ('Js -> f Js') ('Js -> d Js') ('Js -> c Js') ('Js -> b Js') ('Js -> c Js') ('Js -> c Js') ('Js -> f Js') ('Js -> c Js') ('Js -> c Js') ('Js -> a Js') ('Js -> d Js') e.101) =  False;
 (('Gs -> b Gs') ('Js -> Gs Js') ('Js -> e Js') ('Js -> Ds Js') ('Js -> f Js') ('Js -> e Js') ('Js -> d Js') ('Js -> f Js') ('Js -> d Js') ('Js -> c Js') ('Js -> b Js') ('Js -> c Js') ('Js -> c Js') ('Js -> f Js') ('Js -> c Js') ('Js -> c Js') ('Js -> a Js') e.101) =  False;
 (('Gs -> b Gs') ('Js -> Gs Js') ('Js -> e Js') ('Js -> Ds Js') ('Js -> f Js') ('Js -> e Js') ('Js -> d Js') ('Js -> f Js') ('Js -> d Js') ('Js -> c Js') ('Js -> b Js') ('Js -> c Js') ('Js -> c Js') ('Js -> f Js') ('Js -> c Js') ('Js -> c Js') e.101) =  False;
 (('Gs -> b Gs') ('Js -> Gs Js') ('Js -> e Js') ('Js -> Ds Js') ('Js -> f Js') ('Js -> e Js') ('Js -> d Js') ('Js -> f Js') ('Js -> d Js') ('Js -> c Js') ('Js -> b Js') ('Js -> c Js') ('Js -> c Js') ('Js -> f Js') ('Js -> c Js') e.101) =  False;
 (('Gs -> b Gs') ('Js -> Gs Js') ('Js -> e Js') ('Js -> Ds Js') ('Js -> f Js') ('Js -> e Js') ('Js -> d Js') ('Js -> f Js') ('Js -> d Js') ('Js -> c Js') ('Js -> b Js') ('Js -> c Js') ('Js -> c Js') ('Js -> f Js') e.101) =  False;
 (('Gs -> b Gs') ('Js -> Gs Js') ('Js -> e Js') ('Js -> Ds Js') ('Js -> f Js') ('Js -> e Js') ('Js -> d Js') ('Js -> f Js') ('Js -> d Js') ('Js -> c Js') ('Js -> b Js') ('Js -> c Js') ('Js -> c Js') e.101) =  False;
 (('Gs -> b Gs') ('Js -> Gs Js') ('Js -> e Js') ('Js -> Ds Js') ('Js -> f Js') ('Js -> e Js') ('Js -> d Js') ('Js -> f Js') ('Js -> d Js') ('Js -> c Js') ('Js -> b Js') ('Js -> c Js') e.101) =  False;
 (('Gs -> b Gs') ('Js -> Gs Js') ('Js -> e Js') ('Js -> Ds Js') ('Js -> f Js') ('Js -> e Js') ('Js -> d Js') ('Js -> f Js') ('Js -> d Js') ('Js -> c Js') ('Js -> b Js') e.101) =  False;
 (('Gs -> b Gs') ('Js -> Gs Js') ('Js -> e Js') ('Js -> Ds Js') ('Js -> f Js') ('Js -> e Js') ('Js -> d Js') ('Js -> f Js') ('Js -> d Js') ('Js -> c Js') e.101) =  False;
 (('Gs -> b Gs') ('Js -> Gs Js') ('Js -> e Js') ('Js -> Ds Js') ('Js -> f Js') ('Js -> e Js') ('Js -> d Js') ('Js -> f Js') ('Js -> d Js') e.101) =  False;
 (('Gs -> b Gs') ('Js -> Gs Js') ('Js -> e Js') ('Js -> Ds Js') ('Js -> f Js') ('Js -> e Js') ('Js -> d Js') ('Js -> f Js') e.101) =  False;
 (('Gs -> b Gs') ('Js -> Gs Js') ('Js -> e Js') ('Js -> Ds Js') ('Js -> f Js') ('Js -> e Js') ('Js -> d Js') e.101) =  False;
 (('Gs -> b Gs') ('Js -> Gs Js') ('Js -> e Js') ('Js -> Ds Js') ('Js -> f Js') ('Js -> e Js') e.101) =  False;
 (('Gs -> b Gs') ('Js -> Gs Js') ('Js -> e Js') ('Js -> Ds Js') ('Js -> f Js') e.101) =  False;
 (('Gs -> b Gs') ('Js -> Gs Js') ('Js -> e Js') ('Js -> Ds Js') e.101) =  False;
 (('Gs -> b Gs') ('Js -> Gs Js') ('Js -> e Js') ('Ds -> Js Ds') e.101) =  False;
 (('Gs -> b Gs') ('Js -> Gs Js') ('Js -> e Js') e.101) =  False;
 (('Gs -> b Gs') ('Js -> Gs Js') e.101) =  False;
 (('Gs -> b Gs') ('Gs -> Js Gs') e.101) =  False;
 (('Gs -> b Gs') e.101) =  False;
 (e.101) =  False;
}

****************************** The End ************************************
