/*('a b c c c a c b Es a b c a b c c a = a b c c c a c b a Gs b c a c b b b a a a a c b b a b c a b c c a')
*/

*$MST_FROM_ENTRY;

*$MATCHING ForRepeatedSpecialization ;

*$STRATEGY Applicative ;
/*
$ENTRY Go {
 = <Prout <Go e.1 >> ;
}
*/

***
/*
*  InputFormat: <Go e.41 >
*  OutputFormat: ==> e.0 
*/


$ENTRY Go {
 (('Es -> empty') e.101) =  False;
 (('Es -> a Es') ('Gs -> empty') ('Es -> empty') e.101) =  False;
 (('Es -> a Es') ('Gs -> empty') ('Es -> b Es') ('Es -> empty') e.101) =  False;
 (('Es -> a Es') ('Gs -> empty') ('Es -> b Es') ('Es -> c Es') ('Es -> empty') e.101) =  False;
 (('Es -> a Es') ('Gs -> empty') ('Es -> b Es') ('Es -> c Es') ('Es -> a Es') ('Es -> empty') e.101) =  False;
 (('Es -> a Es') ('Gs -> empty') ('Es -> b Es') ('Es -> c Es') ('Es -> a Es') ('Es -> c Es') ('Es -> empty') e.101) =  False;
 (('Es -> a Es') ('Gs -> empty') ('Es -> b Es') ('Es -> c Es') ('Es -> a Es') ('Es -> c Es') ('Es -> b Es') ('Es -> empty') e.101) =  False;
 (('Es -> a Es') ('Gs -> empty') ('Es -> b Es') ('Es -> c Es') ('Es -> a Es') ('Es -> c Es') ('Es -> b Es') ('Es -> b Es') ('Es -> empty') e.101) =  False
               ;
 (('Es -> a Es') ('Gs -> empty') ('Es -> b Es') ('Es -> c Es') ('Es -> a Es') ('Es -> c Es')
    ('Es -> b Es') ('Es -> b Es') ('Es -> b Es') ('Es -> empty') e.101
 ) =  False;
 (('Es -> a Es') ('Gs -> empty') ('Es -> b Es') ('Es -> c Es') ('Es -> a Es') ('Es -> c Es')
    ('Es -> b Es') ('Es -> b Es') ('Es -> b Es') ('Es -> a Es') ('Es -> empty') e.101
 ) =  False;
 (('Es -> a Es') ('Gs -> empty') ('Es -> b Es') ('Es -> c Es') ('Es -> a Es') ('Es -> c Es') ('Es -> b Es')
    ('Es -> b Es') ('Es -> b Es') ('Es -> a Es') ('Es -> a Es') ('Es -> empty') e.101
 ) =  False;
 (('Es -> a Es') ('Gs -> empty') ('Es -> b Es') ('Es -> c Es') ('Es -> a Es') ('Es -> c Es') ('Es -> b Es')
    ('Es -> b Es') ('Es -> b Es') ('Es -> a Es') ('Es -> a Es') ('Es -> a Es') ('Es -> empty') e.101
 ) =  False;
 (('Es -> a Es') ('Gs -> empty') ('Es -> b Es') ('Es -> c Es') ('Es -> a Es') ('Es -> c Es') ('Es -> b Es') ('Es -> b Es')
    ('Es -> b Es') ('Es -> a Es') ('Es -> a Es') ('Es -> a Es') ('Es -> a Es') ('Es -> empty') e.101
 ) =  False;
 (('Es -> a Es') ('Gs -> empty') ('Es -> b Es') ('Es -> c Es') ('Es -> a Es') ('Es -> c Es') ('Es -> b Es') ('Es -> b Es')
    ('Es -> b Es') ('Es -> a Es') ('Es -> a Es') ('Es -> a Es') ('Es -> a Es') ('Es -> c Es') ('Es -> empty') e.101
 ) =  False;
 (('Es -> a Es') ('Gs -> empty') ('Es -> b Es') ('Es -> c Es') ('Es -> a Es') ('Es -> c Es') ('Es -> b Es') ('Es -> b Es') ('Es -> b Es')
    ('Es -> a Es') ('Es -> a Es') ('Es -> a Es') ('Es -> a Es') ('Es -> c Es') ('Es -> b Es') ('Es -> empty') e.101
 ) =  False;
 (('Es -> a Es') ('Gs -> empty') ('Es -> b Es') ('Es -> c Es') ('Es -> a Es') ('Es -> c Es') ('Es -> b Es') ('Es -> b Es') ('Es -> b Es')
    ('Es -> a Es') ('Es -> a Es') ('Es -> a Es') ('Es -> a Es') ('Es -> c Es') ('Es -> b Es') ('Es -> b Es') ('Es -> empty')
 ) =  True;
 (('Es -> a Es') ('Gs -> empty') ('Es -> b Es') ('Es -> c Es') ('Es -> a Es') ('Es -> c Es') ('Es -> b Es') ('Es -> b Es') ('Es -> b Es')
    ('Es -> a Es') ('Es -> a Es') ('Es -> a Es') ('Es -> a Es') ('Es -> c Es') ('Es -> b Es') ('Es -> b Es') ('Es -> empty') e.101
 ) =  False;
 (('Es -> a Es') ('Gs -> empty') ('Es -> b Es') ('Es -> c Es') ('Es -> a Es') ('Es -> c Es') ('Es -> b Es') ('Es -> b Es') ('Es -> b Es')
    ('Es -> a Es') ('Es -> a Es') ('Es -> a Es') ('Es -> a Es') ('Es -> c Es') ('Es -> b Es') ('Es -> b Es') e.101
 ) =  False;
 (('Es -> a Es') ('Gs -> empty') ('Es -> b Es') ('Es -> c Es') ('Es -> a Es') ('Es -> c Es') ('Es -> b Es') ('Es -> b Es')
    ('Es -> b Es') ('Es -> a Es') ('Es -> a Es') ('Es -> a Es') ('Es -> a Es') ('Es -> c Es') ('Es -> b Es') e.101
 ) =  False;
 (('Es -> a Es') ('Gs -> empty') ('Es -> b Es') ('Es -> c Es') ('Es -> a Es') ('Es -> c Es') ('Es -> b Es') ('Es -> b Es')
    ('Es -> b Es') ('Es -> a Es') ('Es -> a Es') ('Es -> a Es') ('Es -> a Es') ('Es -> c Es') e.101
 ) =  False;
 (('Es -> a Es') ('Gs -> empty') ('Es -> b Es') ('Es -> c Es') ('Es -> a Es') ('Es -> c Es') ('Es -> b Es')
    ('Es -> b Es') ('Es -> b Es') ('Es -> a Es') ('Es -> a Es') ('Es -> a Es') ('Es -> a Es') e.101
 ) =  False;
 (('Es -> a Es') ('Gs -> empty') ('Es -> b Es') ('Es -> c Es') ('Es -> a Es') ('Es -> c Es') ('Es -> b Es')
    ('Es -> b Es') ('Es -> b Es') ('Es -> a Es') ('Es -> a Es') ('Es -> a Es') e.101
 ) =  False;
 (('Es -> a Es') ('Gs -> empty') ('Es -> b Es') ('Es -> c Es') ('Es -> a Es') ('Es -> c Es')
    ('Es -> b Es') ('Es -> b Es') ('Es -> b Es') ('Es -> a Es') ('Es -> a Es') e.101
 ) =  False;
 (('Es -> a Es') ('Gs -> empty') ('Es -> b Es') ('Es -> c Es') ('Es -> a Es') ('Es -> c Es')
    ('Es -> b Es') ('Es -> b Es') ('Es -> b Es') ('Es -> a Es') e.101
 ) =  False;
 (('Es -> a Es') ('Gs -> empty') ('Es -> b Es') ('Es -> c Es') ('Es -> a Es') ('Es -> c Es') ('Es -> b Es') ('Es -> b Es') ('Es -> b Es') e.101) =  False
               ;
 (('Es -> a Es') ('Gs -> empty') ('Es -> b Es') ('Es -> c Es') ('Es -> a Es') ('Es -> c Es') ('Es -> b Es') ('Es -> b Es') e.101) =  False;
 (('Es -> a Es') ('Gs -> empty') ('Es -> b Es') ('Es -> c Es') ('Es -> a Es') ('Es -> c Es') ('Es -> b Es') e.101) =  False;
 (('Es -> a Es') ('Gs -> empty') ('Es -> b Es') ('Es -> c Es') ('Es -> a Es') ('Es -> c Es') e.101) =  False;
 (('Es -> a Es') ('Gs -> empty') ('Es -> b Es') ('Es -> c Es') ('Es -> a Es') e.101) =  False;
 (('Es -> a Es') ('Gs -> empty') ('Es -> b Es') ('Es -> c Es') e.101) =  False;
 (('Es -> a Es') ('Gs -> empty') ('Es -> b Es') e.101) =  False;
 (('Es -> a Es') ('Gs -> empty') e.101) =  False;
 (('Es -> a Es') ('Es -> empty') e.101) =  False;
 (('Es -> a Es') ('Es -> Gs Es') ('Es -> empty') e.101) =  False;
 (('Es -> a Es') ('Es -> Gs Es') ('Es -> b Es') ('Es -> empty') e.101) =  False;
 (('Es -> a Es') ('Es -> Gs Es') ('Es -> b Es') ('Es -> c Es') ('Es -> empty') e.101) =  False;
 (('Es -> a Es') ('Es -> Gs Es') ('Es -> b Es') ('Es -> c Es') ('Es -> a Es') ('Es -> empty') e.101) =  False;
 (('Es -> a Es') ('Es -> Gs Es') ('Es -> b Es') ('Es -> c Es') ('Es -> a Es') ('Es -> c Es') ('Es -> empty') e.101) =  False;
 (('Es -> a Es') ('Es -> Gs Es') ('Es -> b Es') ('Es -> c Es') ('Es -> a Es') ('Es -> c Es') ('Es -> b Es') ('Es -> empty') e.101) =  False;
 (('Es -> a Es') ('Es -> Gs Es') ('Es -> b Es') ('Es -> c Es') ('Es -> a Es') ('Es -> c Es') ('Es -> b Es') ('Es -> b Es') ('Es -> empty') e.101) =  False
               ;
 (('Es -> a Es') ('Es -> Gs Es') ('Es -> b Es') ('Es -> c Es') ('Es -> a Es') ('Es -> c Es')
    ('Es -> b Es') ('Es -> b Es') ('Es -> b Es') ('Es -> empty') e.101
 ) =  False;
 (('Es -> a Es') ('Es -> Gs Es') ('Es -> b Es') ('Es -> c Es') ('Es -> a Es') ('Es -> c Es')
    ('Es -> b Es') ('Es -> b Es') ('Es -> b Es') ('Es -> a Es') ('Es -> empty') e.101
 ) =  False;
 (('Es -> a Es') ('Es -> Gs Es') ('Es -> b Es') ('Es -> c Es') ('Es -> a Es') ('Es -> c Es') ('Es -> b Es')
    ('Es -> b Es') ('Es -> b Es') ('Es -> a Es') ('Es -> a Es') ('Es -> empty') e.101
 ) =  False;
 (('Es -> a Es') ('Es -> Gs Es') ('Es -> b Es') ('Es -> c Es') ('Es -> a Es') ('Es -> c Es') ('Es -> b Es')
    ('Es -> b Es') ('Es -> b Es') ('Es -> a Es') ('Es -> a Es') ('Es -> a Es') ('Es -> empty') e.101
 ) =  False;
 (('Es -> a Es') ('Es -> Gs Es') ('Es -> b Es') ('Es -> c Es') ('Es -> a Es') ('Es -> c Es') ('Es -> b Es') ('Es -> b Es')
    ('Es -> b Es') ('Es -> a Es') ('Es -> a Es') ('Es -> a Es') ('Es -> a Es') ('Es -> empty') e.101
 ) =  False;
 (('Es -> a Es') ('Es -> Gs Es') ('Es -> b Es') ('Es -> c Es') ('Es -> a Es') ('Es -> c Es') ('Es -> b Es') ('Es -> b Es')
    ('Es -> b Es') ('Es -> a Es') ('Es -> a Es') ('Es -> a Es') ('Es -> a Es') ('Es -> c Es') ('Es -> empty') e.101
 ) =  False;
 (('Es -> a Es') ('Es -> Gs Es') ('Es -> b Es') ('Es -> c Es') ('Es -> a Es') ('Es -> c Es') ('Es -> b Es') ('Es -> b Es') ('Es -> b Es')
    ('Es -> a Es') ('Es -> a Es') ('Es -> a Es') ('Es -> a Es') ('Es -> c Es') ('Es -> b Es') ('Es -> empty') e.101
 ) =  False;
 (('Es -> a Es') ('Es -> Gs Es') ('Es -> b Es') ('Es -> c Es') ('Es -> a Es') ('Es -> c Es') ('Es -> b Es') ('Es -> b Es') ('Es -> b Es')
    ('Es -> a Es') ('Es -> a Es') ('Es -> a Es') ('Es -> a Es') ('Es -> c Es') ('Es -> b Es') ('Es -> b Es') ('Es -> empty')
 ) =  True;
 (('Es -> a Es') ('Es -> Gs Es') ('Es -> b Es') ('Es -> c Es') ('Es -> a Es') ('Es -> c Es') ('Es -> b Es') ('Es -> b Es') ('Es -> b Es')
    ('Es -> a Es') ('Es -> a Es') ('Es -> a Es') ('Es -> a Es') ('Es -> c Es') ('Es -> b Es') ('Es -> b Es') ('Es -> empty') e.101
 ) =  False;
 (('Es -> a Es') ('Es -> Gs Es') ('Es -> b Es') ('Es -> c Es') ('Es -> a Es') ('Es -> c Es') ('Es -> b Es') ('Es -> b Es') ('Es -> b Es')
    ('Es -> a Es') ('Es -> a Es') ('Es -> a Es') ('Es -> a Es') ('Es -> c Es') ('Es -> b Es') ('Es -> b Es') e.101
 ) =  False;
 (('Es -> a Es') ('Es -> Gs Es') ('Es -> b Es') ('Es -> c Es') ('Es -> a Es') ('Es -> c Es') ('Es -> b Es') ('Es -> b Es')
    ('Es -> b Es') ('Es -> a Es') ('Es -> a Es') ('Es -> a Es') ('Es -> a Es') ('Es -> c Es') ('Es -> b Es') e.101
 ) =  False;
 (('Es -> a Es') ('Es -> Gs Es') ('Es -> b Es') ('Es -> c Es') ('Es -> a Es') ('Es -> c Es') ('Es -> b Es') ('Es -> b Es')
    ('Es -> b Es') ('Es -> a Es') ('Es -> a Es') ('Es -> a Es') ('Es -> a Es') ('Es -> c Es') e.101
 ) =  False;
 (('Es -> a Es') ('Es -> Gs Es') ('Es -> b Es') ('Es -> c Es') ('Es -> a Es') ('Es -> c Es') ('Es -> b Es')
    ('Es -> b Es') ('Es -> b Es') ('Es -> a Es') ('Es -> a Es') ('Es -> a Es') ('Es -> a Es') e.101
 ) =  False;
 (('Es -> a Es') ('Es -> Gs Es') ('Es -> b Es') ('Es -> c Es') ('Es -> a Es') ('Es -> c Es') ('Es -> b Es')
    ('Es -> b Es') ('Es -> b Es') ('Es -> a Es') ('Es -> a Es') ('Es -> a Es') e.101
 ) =  False;
 (('Es -> a Es') ('Es -> Gs Es') ('Es -> b Es') ('Es -> c Es') ('Es -> a Es') ('Es -> c Es')
    ('Es -> b Es') ('Es -> b Es') ('Es -> b Es') ('Es -> a Es') ('Es -> a Es') e.101
 ) =  False;
 (('Es -> a Es') ('Es -> Gs Es') ('Es -> b Es') ('Es -> c Es') ('Es -> a Es') ('Es -> c Es')
    ('Es -> b Es') ('Es -> b Es') ('Es -> b Es') ('Es -> a Es') e.101
 ) =  False;
 (('Es -> a Es') ('Es -> Gs Es') ('Es -> b Es') ('Es -> c Es') ('Es -> a Es') ('Es -> c Es') ('Es -> b Es') ('Es -> b Es') ('Es -> b Es') e.101) =  False
               ;
 (('Es -> a Es') ('Es -> Gs Es') ('Es -> b Es') ('Es -> c Es') ('Es -> a Es') ('Es -> c Es') ('Es -> b Es') ('Es -> b Es') e.101) =  False;
 (('Es -> a Es') ('Es -> Gs Es') ('Es -> b Es') ('Es -> c Es') ('Es -> a Es') ('Es -> c Es') ('Es -> b Es') e.101) =  False;
 (('Es -> a Es') ('Es -> Gs Es') ('Es -> b Es') ('Es -> c Es') ('Es -> a Es') ('Es -> c Es') e.101) =  False;
 (('Es -> a Es') ('Es -> Gs Es') ('Es -> b Es') ('Es -> c Es') ('Es -> a Es') e.101) =  False;
 (('Es -> a Es') ('Es -> Gs Es') ('Es -> b Es') ('Es -> c Es') e.101) =  False;
 (('Es -> a Es') ('Es -> Gs Es') ('Es -> b Es') e.101) =  False;
 (('Es -> a Es') ('Es -> Gs Es') e.101) =  False;
 (('Es -> a Es') ('Gs -> Es Gs') e.101) =  False;
 (('Es -> a Es') e.101) =  False;
 (e.101) =  False;
}

****************************** The End ************************************
