/*
('i h c h a i b i h f e g f e f j h h f e h b Cs g e f b g i g b j d Cs d b j i d f j a d h i a e a c a =
  i h c h a i b i h f e Cs f Fs g i Cs b j d g d b j i d f j a d h i a e a c a')
*/
*$MST_FROM_ENTRY;

*$MATCHING ForRepeatedSpecialization ;

*$STRATEGY Applicative ;
/*
$ENTRY Go {
 = <Prout <Go e.1 >> ;
}
*/

***
/*
*  InputFormat: <Go e.41 >
*  OutputFormat: ==> e.0 
*/


$ENTRY Go {
 (e.101) =  False;
}

****************************** The End ************************************
