/*
('c Js c b g a g c d d d c Gs b g e b e Is c d g d a f e g b c c e d f a e e f a =
  c Js c b g a g c Is d c Gs b g e b e Is c d g d a f e g b c c e d f a e e f a')*/
*$MST_FROM_ENTRY;

*$MATCHING ForRepeatedSpecialization ;

*$STRATEGY Applicative ;
/*
$ENTRY Go {
 = <Prout <Go e.1 >> ;
}
*/

***
/*
*  InputFormat: <Go e.41 >
*  OutputFormat: ==> e.0 
*/


$ENTRY Go {
 (('Is -> empty') e.101) =  False;
 (('Is -> d Is') ('Is -> empty') e.101) =  False;
 (('Is -> d Is') ('Is -> d Is') ('Is -> empty')) =  True;
 (('Is -> d Is') ('Is -> d Is') ('Is -> empty') e.101) =  False;
 (('Is -> d Is') ('Is -> d Is') e.101) =  False;
 (('Is -> d Is') e.101) =  False;
 (e.101) =  False;
}

****************************** The End ************************************
