
*$MST_FROM_ENTRY;

*$MATCHING ForRepeatedSpecialization ;

*$STRATEGY Applicative ;
/*
$ENTRY Go {
 = <Prout <Go e.1 >> ;
}
*/

***
/*
*  InputFormat: <Go e.41 >
*  OutputFormat: ==> e.0 
*/


$ENTRY Go {
 ('Es -> Q Es') ('Es -> W Es') ('Es -> empty') ('Js -> E Js') ('Js -> empty') ('Hs -> Hs e') ('Hs -> Hs c') ('Hs -> Hs e')
      ('Hs -> Hs d') ('Hs -> Hs e') ('Hs -> Hs e') ('Hs -> Hs f') ('Hs -> Hs f') ('Hs -> Hs As') ('Hs -> Hs Is') ('Hs -> Hs c') ('E -> f') ('Q -> a')
      ('W -> f') ('As -> empty') e.41 =  False;
 ('Es -> Q Es') ('Es -> W Es') ('Es -> empty') ('Js -> E Js') ('Js -> empty') ('Hs -> Hs e') ('Hs -> Hs c')
      ('Hs -> Hs e') ('Hs -> Hs d') ('Hs -> Hs e') ('Hs -> Hs e') ('Hs -> Hs f') ('Hs -> Hs f') ('Hs -> Hs As') ('Hs -> Hs Is')
      ('Hs -> Hs c') ('E -> f') ('Q -> a') ('W -> f') ('As -> a As') ('Hs -> Hs d') ('Hs -> Hs e') ('As -> empty') e.41 =  False;
 ('Es -> Q Es') ('Es -> W Es') ('Es -> empty') ('Js -> E Js') ('Js -> empty') ('Hs -> Hs e')
      ('Hs -> Hs c') ('Hs -> Hs e') ('Hs -> Hs d') ('Hs -> Hs e') ('Hs -> Hs e') ('Hs -> Hs f') ('Hs -> Hs f')
      ('Hs -> Hs As') ('Hs -> Hs Is') ('Hs -> Hs c') ('E -> f') ('Q -> a') ('W -> f') ('As -> a As') ('Hs -> Hs d') ('Hs -> Hs e') ('As -> c As')
      ('Hs -> Hs a') ('Hs -> Hs As') ('Hs -> Hs c') ('As -> empty') ('Hs -> empty') =  True;
 ('Es -> Q Es') ('Es -> W Es') ('Es -> empty') ('Js -> E Js') ('Js -> empty') ('Hs -> Hs e')
      ('Hs -> Hs c') ('Hs -> Hs e') ('Hs -> Hs d') ('Hs -> Hs e') ('Hs -> Hs e') ('Hs -> Hs f') ('Hs -> Hs f')
      ('Hs -> Hs As') ('Hs -> Hs Is') ('Hs -> Hs c') ('E -> f') ('Q -> a') ('W -> f') ('As -> a As') ('Hs -> Hs d') ('Hs -> Hs e') ('As -> c As')
      ('Hs -> Hs a') ('Hs -> Hs As') ('Hs -> Hs c') ('As -> empty') ('Hs -> empty') e.41 =  False;
 ('Es -> Q Es') ('Es -> W Es') ('Es -> empty') ('Js -> E Js') ('Js -> empty') ('Hs -> Hs e')
      ('Hs -> Hs c') ('Hs -> Hs e') ('Hs -> Hs d') ('Hs -> Hs e') ('Hs -> Hs e') ('Hs -> Hs f') ('Hs -> Hs f')
      ('Hs -> Hs As') ('Hs -> Hs Is') ('Hs -> Hs c') ('E -> f') ('Q -> a') ('W -> f') ('As -> a As') ('Hs -> Hs d') ('Hs -> Hs e') ('As -> c As')
      ('Hs -> Hs a') ('Hs -> Hs As') ('Hs -> Hs c') ('As -> empty') e.41 =  False;
 ('Es -> Q Es') ('Es -> W Es') ('Es -> empty') ('Js -> E Js') ('Js -> empty')
      ('Hs -> Hs e') ('Hs -> Hs c') ('Hs -> Hs e') ('Hs -> Hs d') ('Hs -> Hs e') ('Hs -> Hs e')
      ('Hs -> Hs f') ('Hs -> Hs f') ('Hs -> Hs As') ('Hs -> Hs Is') ('Hs -> Hs c') ('E -> f') ('Q -> a') ('W -> f') ('As -> a As')
      ('Hs -> Hs d') ('Hs -> Hs e') ('As -> c As') ('Hs -> Hs a') ('Hs -> Hs As') ('Hs -> Hs c') ('As -> f As') ('Hs -> Hs a') ('As -> empty') e.41 =  False
               ;
 ('Es -> Q Es') ('Es -> W Es') ('Es -> empty') ('Js -> E Js') ('Js -> empty') ('Hs -> Hs e')
      ('Hs -> Hs c') ('Hs -> Hs e') ('Hs -> Hs d') ('Hs -> Hs e') ('Hs -> Hs e') ('Hs -> Hs f') ('Hs -> Hs f')
      ('Hs -> Hs As') ('Hs -> Hs Is') ('Hs -> Hs c') ('E -> f') ('Q -> a') ('W -> f') ('As -> a As') ('Hs -> Hs d') ('Hs -> Hs e') ('As -> c As')
      ('Hs -> Hs a') ('Hs -> Hs As') ('Hs -> Hs c') ('As -> f As') ('Hs -> Hs a') ('As -> c As') ('Hs -> Hs d') ('As -> empty') e.41 =  False;
 ('Es -> Q Es') ('Es -> W Es') ('Es -> empty') ('Js -> E Js') ('Js -> empty') ('Hs -> Hs e')
      ('Hs -> Hs c') ('Hs -> Hs e') ('Hs -> Hs d') ('Hs -> Hs e') ('Hs -> Hs e') ('Hs -> Hs f') ('Hs -> Hs f')
      ('Hs -> Hs As') ('Hs -> Hs Is') ('Hs -> Hs c') ('E -> f') ('Q -> a') ('W -> f') ('As -> a As') ('Hs -> Hs d') ('Hs -> Hs e') ('As -> c As')
      ('Hs -> Hs a') ('Hs -> Hs As') ('Hs -> Hs c') ('As -> f As') ('Hs -> Hs a') ('As -> c As') ('Hs -> Hs d') ('As -> d As') ('Hs -> Hs f') ('As -> empty') e.41 =  False
               ;
 ('Es -> Q Es') ('Es -> W Es') ('Es -> empty') ('Js -> E Js') ('Js -> empty') ('Hs -> Hs e')
      ('Hs -> Hs c') ('Hs -> Hs e') ('Hs -> Hs d') ('Hs -> Hs e') ('Hs -> Hs e') ('Hs -> Hs f') ('Hs -> Hs f') ('Hs -> Hs As')
      ('Hs -> Hs Is') ('Hs -> Hs c') ('E -> f') ('Q -> a') ('W -> f') ('As -> a As') ('Hs -> Hs d') ('Hs -> Hs e') ('As -> c As') ('Hs -> Hs a') ('Hs -> Hs As')
      ('Hs -> Hs c') ('As -> f As') ('Hs -> Hs a') ('As -> c As') ('Hs -> Hs d') ('As -> d As') ('Hs -> Hs f') ('As -> b As') ('Hs -> Hs b') ('As -> empty') e.41 =  False;
 ('Es -> Q Es') ('Es -> W Es') ('Es -> empty') ('Js -> E Js') ('Js -> empty') ('Hs -> Hs e')
      ('Hs -> Hs c') ('Hs -> Hs e') ('Hs -> Hs d') ('Hs -> Hs e') ('Hs -> Hs e') ('Hs -> Hs f') ('Hs -> Hs f')
      ('Hs -> Hs As') ('Hs -> Hs Is') ('Hs -> Hs c') ('E -> f') ('Q -> a') ('W -> f') ('As -> a As') ('Hs -> Hs d') ('Hs -> Hs e') ('As -> c As')
      ('Hs -> Hs a') ('Hs -> Hs As') ('Hs -> Hs c') ('As -> f As') ('Hs -> Hs a') ('As -> c As') ('Hs -> Hs d') ('As -> d As') ('Hs -> Hs f') ('As -> b As') ('Hs -> Hs b')
      ('As -> f As') ('Hs -> Hs d') ('As -> empty') e.41 =  False;
 ('Es -> Q Es') ('Es -> W Es') ('Es -> empty') ('Js -> E Js') ('Js -> empty')
      ('Hs -> Hs e') ('Hs -> Hs c') ('Hs -> Hs e') ('Hs -> Hs d') ('Hs -> Hs e') ('Hs -> Hs e')
      ('Hs -> Hs f') ('Hs -> Hs f') ('Hs -> Hs As') ('Hs -> Hs Is') ('Hs -> Hs c') ('E -> f') ('Q -> a') ('W -> f') ('As -> a As')
      ('Hs -> Hs d') ('Hs -> Hs e') ('As -> c As') ('Hs -> Hs a') ('Hs -> Hs As') ('Hs -> Hs c') ('As -> f As') ('Hs -> Hs a') ('As -> c As') ('Hs -> Hs d')
      ('As -> d As') ('Hs -> Hs f') ('As -> b As') ('Hs -> Hs b') ('As -> f As') ('Hs -> Hs d') ('As -> d As') ('Hs -> Hs c') ('As -> empty') e.41 =  False;
 ('Es -> Q Es') ('Es -> W Es') ('Es -> empty') ('Js -> E Js') ('Js -> empty')
      ('Hs -> Hs e') ('Hs -> Hs c') ('Hs -> Hs e') ('Hs -> Hs d') ('Hs -> Hs e') ('Hs -> Hs e')
      ('Hs -> Hs f') ('Hs -> Hs f') ('Hs -> Hs As') ('Hs -> Hs Is') ('Hs -> Hs c') ('E -> f') ('Q -> a') ('W -> f')
      ('As -> a As') ('Hs -> Hs d') ('Hs -> Hs e') ('As -> c As') ('Hs -> Hs a') ('Hs -> Hs As') ('Hs -> Hs c') ('As -> f As') ('Hs -> Hs a')
      ('As -> c As') ('Hs -> Hs d') ('As -> d As') ('Hs -> Hs f') ('As -> b As') ('Hs -> Hs b') ('As -> f As') ('Hs -> Hs d') ('As -> d As') ('Hs -> Hs c') ('As -> a As') ('Hs -> Hs f')
      ('Hs -> Hs As') ('Hs -> empty') =  True;
 ('Es -> Q Es') ('Es -> W Es') ('Es -> empty') ('Js -> E Js') ('Js -> empty')
      ('Hs -> Hs e') ('Hs -> Hs c') ('Hs -> Hs e') ('Hs -> Hs d') ('Hs -> Hs e') ('Hs -> Hs e')
      ('Hs -> Hs f') ('Hs -> Hs f') ('Hs -> Hs As') ('Hs -> Hs Is') ('Hs -> Hs c') ('E -> f') ('Q -> a') ('W -> f')
      ('As -> a As') ('Hs -> Hs d') ('Hs -> Hs e') ('As -> c As') ('Hs -> Hs a') ('Hs -> Hs As') ('Hs -> Hs c') ('As -> f As') ('Hs -> Hs a')
      ('As -> c As') ('Hs -> Hs d') ('As -> d As') ('Hs -> Hs f') ('As -> b As') ('Hs -> Hs b') ('As -> f As') ('Hs -> Hs d') ('As -> d As') ('Hs -> Hs c') ('As -> a As')
      ('Hs -> Hs f') ('Hs -> Hs As') ('Hs -> empty') e.41 =  False;
 ('Es -> Q Es') ('Es -> W Es') ('Es -> empty') ('Js -> E Js') ('Js -> empty')
      ('Hs -> Hs e') ('Hs -> Hs c') ('Hs -> Hs e') ('Hs -> Hs d') ('Hs -> Hs e') ('Hs -> Hs e')
      ('Hs -> Hs f') ('Hs -> Hs f') ('Hs -> Hs As') ('Hs -> Hs Is') ('Hs -> Hs c') ('E -> f') ('Q -> a') ('W -> f')
      ('As -> a As') ('Hs -> Hs d') ('Hs -> Hs e') ('As -> c As') ('Hs -> Hs a') ('Hs -> Hs As') ('Hs -> Hs c') ('As -> f As') ('Hs -> Hs a')
      ('As -> c As') ('Hs -> Hs d') ('As -> d As') ('Hs -> Hs f') ('As -> b As') ('Hs -> Hs b') ('As -> f As') ('Hs -> Hs d') ('As -> d As') ('Hs -> Hs c') ('As -> a As') ('Hs -> Hs f')
      ('Hs -> Hs As') e.41 =  False;
 ('Es -> Q Es') ('Es -> W Es') ('Es -> empty') ('Js -> E Js') ('Js -> empty')
      ('Hs -> Hs e') ('Hs -> Hs c') ('Hs -> Hs e') ('Hs -> Hs d') ('Hs -> Hs e') ('Hs -> Hs e')
      ('Hs -> Hs f') ('Hs -> Hs f') ('Hs -> Hs As') ('Hs -> Hs Is') ('Hs -> Hs c') ('E -> f') ('Q -> a') ('W -> f') ('As -> a As')
      ('Hs -> Hs d') ('Hs -> Hs e') ('As -> c As') ('Hs -> Hs a') ('Hs -> Hs As') ('Hs -> Hs c') ('As -> f As') ('Hs -> Hs a') ('As -> c As') ('Hs -> Hs d')
      ('As -> d As') ('Hs -> Hs f') ('As -> b As') ('Hs -> Hs b') ('As -> f As') ('Hs -> Hs d') ('As -> d As') ('Hs -> Hs c') ('As -> a As') ('Hs -> Hs f') e.41 =  False;
 ('Es -> Q Es') ('Es -> W Es') ('Es -> empty') ('Js -> E Js') ('Js -> empty')
      ('Hs -> Hs e') ('Hs -> Hs c') ('Hs -> Hs e') ('Hs -> Hs d') ('Hs -> Hs e') ('Hs -> Hs e')
      ('Hs -> Hs f') ('Hs -> Hs f') ('Hs -> Hs As') ('Hs -> Hs Is') ('Hs -> Hs c') ('E -> f') ('Q -> a') ('W -> f') ('As -> a As')
      ('Hs -> Hs d') ('Hs -> Hs e') ('As -> c As') ('Hs -> Hs a') ('Hs -> Hs As') ('Hs -> Hs c') ('As -> f As') ('Hs -> Hs a') ('As -> c As') ('Hs -> Hs d')
      ('As -> d As') ('Hs -> Hs f') ('As -> b As') ('Hs -> Hs b') ('As -> f As') ('Hs -> Hs d') ('As -> d As') ('Hs -> Hs c') ('As -> a As') e.41 =  False;
 ('Es -> Q Es') ('Es -> W Es') ('Es -> empty') ('Js -> E Js') ('Js -> empty') ('Hs -> Hs e')
      ('Hs -> Hs c') ('Hs -> Hs e') ('Hs -> Hs d') ('Hs -> Hs e') ('Hs -> Hs e') ('Hs -> Hs f') ('Hs -> Hs f')
      ('Hs -> Hs As') ('Hs -> Hs Is') ('Hs -> Hs c') ('E -> f') ('Q -> a') ('W -> f') ('As -> a As') ('Hs -> Hs d') ('Hs -> Hs e') ('As -> c As')
      ('Hs -> Hs a') ('Hs -> Hs As') ('Hs -> Hs c') ('As -> f As') ('Hs -> Hs a') ('As -> c As') ('Hs -> Hs d') ('As -> d As') ('Hs -> Hs f') ('As -> b As') ('Hs -> Hs b')
      ('As -> f As') ('Hs -> Hs d') ('As -> d As') ('Hs -> Hs c') e.41 =  False;
 ('Es -> Q Es') ('Es -> W Es') ('Es -> empty') ('Js -> E Js') ('Js -> empty') ('Hs -> Hs e')
      ('Hs -> Hs c') ('Hs -> Hs e') ('Hs -> Hs d') ('Hs -> Hs e') ('Hs -> Hs e') ('Hs -> Hs f') ('Hs -> Hs f')
      ('Hs -> Hs As') ('Hs -> Hs Is') ('Hs -> Hs c') ('E -> f') ('Q -> a') ('W -> f') ('As -> a As') ('Hs -> Hs d') ('Hs -> Hs e') ('As -> c As')
      ('Hs -> Hs a') ('Hs -> Hs As') ('Hs -> Hs c') ('As -> f As') ('Hs -> Hs a') ('As -> c As') ('Hs -> Hs d') ('As -> d As') ('Hs -> Hs f') ('As -> b As') ('Hs -> Hs b')
      ('As -> f As') ('Hs -> Hs d') ('As -> d As') e.41 =  False;
 ('Es -> Q Es') ('Es -> W Es') ('Es -> empty') ('Js -> E Js') ('Js -> empty') ('Hs -> Hs e')
      ('Hs -> Hs c') ('Hs -> Hs e') ('Hs -> Hs d') ('Hs -> Hs e') ('Hs -> Hs e') ('Hs -> Hs f') ('Hs -> Hs f')
      ('Hs -> Hs As') ('Hs -> Hs Is') ('Hs -> Hs c') ('E -> f') ('Q -> a') ('W -> f') ('As -> a As') ('Hs -> Hs d') ('Hs -> Hs e') ('As -> c As')
      ('Hs -> Hs a') ('Hs -> Hs As') ('Hs -> Hs c') ('As -> f As') ('Hs -> Hs a') ('As -> c As') ('Hs -> Hs d') ('As -> d As') ('Hs -> Hs f') ('As -> b As') ('Hs -> Hs b') ('As -> f As')
      ('Hs -> Hs d') e.41 =  False;
 ('Es -> Q Es') ('Es -> W Es') ('Es -> empty') ('Js -> E Js') ('Js -> empty') ('Hs -> Hs e')
      ('Hs -> Hs c') ('Hs -> Hs e') ('Hs -> Hs d') ('Hs -> Hs e') ('Hs -> Hs e') ('Hs -> Hs f') ('Hs -> Hs f') ('Hs -> Hs As')
      ('Hs -> Hs Is') ('Hs -> Hs c') ('E -> f') ('Q -> a') ('W -> f') ('As -> a As') ('Hs -> Hs d') ('Hs -> Hs e') ('As -> c As') ('Hs -> Hs a') ('Hs -> Hs As')
      ('Hs -> Hs c') ('As -> f As') ('Hs -> Hs a') ('As -> c As') ('Hs -> Hs d') ('As -> d As') ('Hs -> Hs f') ('As -> b As') ('Hs -> Hs b') ('As -> f As') e.41 =  False;
 ('Es -> Q Es') ('Es -> W Es') ('Es -> empty') ('Js -> E Js') ('Js -> empty') ('Hs -> Hs e') ('Hs -> Hs c')
      ('Hs -> Hs e') ('Hs -> Hs d') ('Hs -> Hs e') ('Hs -> Hs e') ('Hs -> Hs f') ('Hs -> Hs f') ('Hs -> Hs As') ('Hs -> Hs Is')
      ('Hs -> Hs c') ('E -> f') ('Q -> a') ('W -> f') ('As -> a As') ('Hs -> Hs d') ('Hs -> Hs e') ('As -> c As') ('Hs -> Hs a') ('Hs -> Hs As') ('Hs -> Hs c')
      ('As -> f As') ('Hs -> Hs a') ('As -> c As') ('Hs -> Hs d') ('As -> d As') ('Hs -> Hs f') ('As -> b As') ('Hs -> Hs b') e.41 =  False;
 ('Es -> Q Es') ('Es -> W Es') ('Es -> empty') ('Js -> E Js') ('Js -> empty') ('Hs -> Hs e') ('Hs -> Hs c')
      ('Hs -> Hs e') ('Hs -> Hs d') ('Hs -> Hs e') ('Hs -> Hs e') ('Hs -> Hs f') ('Hs -> Hs f') ('Hs -> Hs As') ('Hs -> Hs Is')
      ('Hs -> Hs c') ('E -> f') ('Q -> a') ('W -> f') ('As -> a As') ('Hs -> Hs d') ('Hs -> Hs e') ('As -> c As') ('Hs -> Hs a') ('Hs -> Hs As') ('Hs -> Hs c')
      ('As -> f As') ('Hs -> Hs a') ('As -> c As') ('Hs -> Hs d') ('As -> d As') ('Hs -> Hs f') ('As -> b As') e.41 =  False;
 ('Es -> Q Es') ('Es -> W Es') ('Es -> empty') ('Js -> E Js') ('Js -> empty') ('Hs -> Hs e') ('Hs -> Hs c')
      ('Hs -> Hs e') ('Hs -> Hs d') ('Hs -> Hs e') ('Hs -> Hs e') ('Hs -> Hs f') ('Hs -> Hs f') ('Hs -> Hs As') ('Hs -> Hs Is') ('Hs -> Hs c')
      ('E -> f') ('Q -> a') ('W -> f') ('As -> a As') ('Hs -> Hs d') ('Hs -> Hs e') ('As -> c As') ('Hs -> Hs a') ('Hs -> Hs As') ('Hs -> Hs c') ('As -> f As') ('Hs -> Hs a')
      ('As -> c As') ('Hs -> Hs d') ('As -> d As') ('Hs -> Hs f') e.41 =  False;
 ('Es -> Q Es') ('Es -> W Es') ('Es -> empty') ('Js -> E Js') ('Js -> empty') ('Hs -> Hs e') ('Hs -> Hs c')
      ('Hs -> Hs e') ('Hs -> Hs d') ('Hs -> Hs e') ('Hs -> Hs e') ('Hs -> Hs f') ('Hs -> Hs f') ('Hs -> Hs As') ('Hs -> Hs Is') ('Hs -> Hs c')
      ('E -> f') ('Q -> a') ('W -> f') ('As -> a As') ('Hs -> Hs d') ('Hs -> Hs e') ('As -> c As') ('Hs -> Hs a') ('Hs -> Hs As') ('Hs -> Hs c') ('As -> f As') ('Hs -> Hs a')
      ('As -> c As') ('Hs -> Hs d') ('As -> d As') e.41 =  False;
 ('Es -> Q Es') ('Es -> W Es') ('Es -> empty') ('Js -> E Js') ('Js -> empty') ('Hs -> Hs e') ('Hs -> Hs c') ('Hs -> Hs e')
      ('Hs -> Hs d') ('Hs -> Hs e') ('Hs -> Hs e') ('Hs -> Hs f') ('Hs -> Hs f') ('Hs -> Hs As') ('Hs -> Hs Is') ('Hs -> Hs c') ('E -> f') ('Q -> a')
      ('W -> f') ('As -> a As') ('Hs -> Hs d') ('Hs -> Hs e') ('As -> c As') ('Hs -> Hs a') ('Hs -> Hs As') ('Hs -> Hs c') ('As -> f As') ('Hs -> Hs a') ('As -> c As') ('Hs -> Hs d')
      e.41 =  False;
 ('Es -> Q Es') ('Es -> W Es') ('Es -> empty') ('Js -> E Js') ('Js -> empty') ('Hs -> Hs e') ('Hs -> Hs c') ('Hs -> Hs e')
      ('Hs -> Hs d') ('Hs -> Hs e') ('Hs -> Hs e') ('Hs -> Hs f') ('Hs -> Hs f') ('Hs -> Hs As') ('Hs -> Hs Is') ('Hs -> Hs c') ('E -> f') ('Q -> a')
      ('W -> f') ('As -> a As') ('Hs -> Hs d') ('Hs -> Hs e') ('As -> c As') ('Hs -> Hs a') ('Hs -> Hs As') ('Hs -> Hs c') ('As -> f As') ('Hs -> Hs a') ('As -> c As') e.41 =  False
               ;
 ('Es -> Q Es') ('Es -> W Es') ('Es -> empty') ('Js -> E Js') ('Js -> empty') ('Hs -> Hs e') ('Hs -> Hs c') ('Hs -> Hs e')
      ('Hs -> Hs d') ('Hs -> Hs e') ('Hs -> Hs e') ('Hs -> Hs f') ('Hs -> Hs f') ('Hs -> Hs As') ('Hs -> Hs Is') ('Hs -> Hs c') ('E -> f') ('Q -> a')
      ('W -> f') ('As -> a As') ('Hs -> Hs d') ('Hs -> Hs e') ('As -> c As') ('Hs -> Hs a') ('Hs -> Hs As') ('Hs -> Hs c') ('As -> f As') ('Hs -> Hs a') e.41 =  False;
 ('Es -> Q Es') ('Es -> W Es') ('Es -> empty') ('Js -> E Js') ('Js -> empty') ('Hs -> Hs e') ('Hs -> Hs c') ('Hs -> Hs e')
      ('Hs -> Hs d') ('Hs -> Hs e') ('Hs -> Hs e') ('Hs -> Hs f') ('Hs -> Hs f') ('Hs -> Hs As') ('Hs -> Hs Is') ('Hs -> Hs c') ('E -> f') ('Q -> a') ('W -> f')
      ('As -> a As') ('Hs -> Hs d') ('Hs -> Hs e') ('As -> c As') ('Hs -> Hs a') ('Hs -> Hs As') ('Hs -> Hs c') ('As -> f As') e.41 =  False;
 ('Es -> Q Es') ('Es -> W Es') ('Es -> empty') ('Js -> E Js') ('Js -> empty') ('Hs -> Hs e') ('Hs -> Hs c') ('Hs -> Hs e') ('Hs -> Hs d')
      ('Hs -> Hs e') ('Hs -> Hs e') ('Hs -> Hs f') ('Hs -> Hs f') ('Hs -> Hs As') ('Hs -> Hs Is') ('Hs -> Hs c') ('E -> f') ('Q -> a') ('W -> f') ('As -> a As') ('Hs -> Hs d')
      ('Hs -> Hs e') ('As -> c As') ('Hs -> Hs a') ('Hs -> Hs As') ('Hs -> Hs c') e.41 =  False;
 ('Es -> Q Es') ('Es -> W Es') ('Es -> empty') ('Js -> E Js') ('Js -> empty') ('Hs -> Hs e') ('Hs -> Hs c') ('Hs -> Hs e') ('Hs -> Hs d')
      ('Hs -> Hs e') ('Hs -> Hs e') ('Hs -> Hs f') ('Hs -> Hs f') ('Hs -> Hs As') ('Hs -> Hs Is') ('Hs -> Hs c') ('E -> f') ('Q -> a') ('W -> f') ('As -> a As') ('Hs -> Hs d')
      ('Hs -> Hs e') ('As -> c As') ('Hs -> Hs a') ('Hs -> Hs As') e.41 =  False;
 ('Es -> Q Es') ('Es -> W Es') ('Es -> empty') ('Js -> E Js') ('Js -> empty') ('Hs -> Hs e') ('Hs -> Hs c') ('Hs -> Hs e') ('Hs -> Hs d')
      ('Hs -> Hs e') ('Hs -> Hs e') ('Hs -> Hs f') ('Hs -> Hs f') ('Hs -> Hs As') ('Hs -> Hs Is') ('Hs -> Hs c') ('E -> f') ('Q -> a') ('W -> f') ('As -> a As') ('Hs -> Hs d')
      ('Hs -> Hs e') ('As -> c As') ('Hs -> Hs a') e.41 =  False;
 ('Es -> Q Es') ('Es -> W Es') ('Es -> empty') ('Js -> E Js') ('Js -> empty') ('Hs -> Hs e') ('Hs -> Hs c') ('Hs -> Hs e') ('Hs -> Hs d')
      ('Hs -> Hs e') ('Hs -> Hs e') ('Hs -> Hs f') ('Hs -> Hs f') ('Hs -> Hs As') ('Hs -> Hs Is') ('Hs -> Hs c') ('E -> f') ('Q -> a') ('W -> f') ('As -> a As') ('Hs -> Hs d')
      ('Hs -> Hs e') ('As -> c As') e.41 =  False;
 ('Es -> Q Es') ('Es -> W Es') ('Es -> empty') ('Js -> E Js') ('Js -> empty') ('Hs -> Hs e') ('Hs -> Hs c') ('Hs -> Hs e') ('Hs -> Hs d') ('Hs -> Hs e')
      ('Hs -> Hs e') ('Hs -> Hs f') ('Hs -> Hs f') ('Hs -> Hs As') ('Hs -> Hs Is') ('Hs -> Hs c') ('E -> f') ('Q -> a') ('W -> f') ('As -> a As') ('Hs -> Hs d') ('Hs -> Hs e') e.41 =  False
               ;
 ('Es -> Q Es') ('Es -> W Es') ('Es -> empty') ('Js -> E Js') ('Js -> empty') ('Hs -> Hs e') ('Hs -> Hs c') ('Hs -> Hs e') ('Hs -> Hs d') ('Hs -> Hs e') ('Hs -> Hs e')
      ('Hs -> Hs f') ('Hs -> Hs f') ('Hs -> Hs As') ('Hs -> Hs Is') ('Hs -> Hs c') ('E -> f') ('Q -> a') ('W -> f') ('As -> a As') ('Hs -> Hs d') e.41 =  False;
 ('Es -> Q Es') ('Es -> W Es') ('Es -> empty') ('Js -> E Js') ('Js -> empty') ('Hs -> Hs e') ('Hs -> Hs c') ('Hs -> Hs e') ('Hs -> Hs d') ('Hs -> Hs e') ('Hs -> Hs e')
      ('Hs -> Hs f') ('Hs -> Hs f') ('Hs -> Hs As') ('Hs -> Hs Is') ('Hs -> Hs c') ('E -> f') ('Q -> a') ('W -> f') ('As -> a As') e.41 =  False;
 ('Es -> Q Es') ('Es -> W Es') ('Es -> empty') ('Js -> E Js') ('Js -> empty') ('Hs -> Hs e') ('Hs -> Hs c') ('Hs -> Hs e') ('Hs -> Hs d') ('Hs -> Hs e') ('Hs -> Hs e') ('Hs -> Hs f')
      ('Hs -> Hs f') ('Hs -> Hs As') ('Hs -> Hs Is') ('Hs -> Hs c') ('E -> f') ('Q -> a') ('W -> f') e.41 =  False;
 ('Es -> Q Es') ('Es -> W Es') ('Es -> empty') ('Js -> E Js') ('Js -> empty') ('Hs -> Hs e') ('Hs -> Hs c') ('Hs -> Hs e') ('Hs -> Hs d') ('Hs -> Hs e') ('Hs -> Hs e') ('Hs -> Hs f')
      ('Hs -> Hs f') ('Hs -> Hs As') ('Hs -> Hs Is') ('Hs -> Hs c') ('E -> f') ('Q -> a') e.41 =  False;
 ('Es -> Q Es') ('Es -> W Es') ('Es -> empty') ('Js -> E Js') ('Js -> empty') ('Hs -> Hs e') ('Hs -> Hs c') ('Hs -> Hs e') ('Hs -> Hs d') ('Hs -> Hs e') ('Hs -> Hs e') ('Hs -> Hs f')
      ('Hs -> Hs f') ('Hs -> Hs As') ('Hs -> Hs Is') ('Hs -> Hs c') ('E -> f') e.41 =  False;
 ('Es -> Q Es') ('Es -> W Es') ('Es -> empty') ('Js -> E Js') ('Js -> empty') ('Hs -> Hs e') ('Hs -> Hs c') ('Hs -> Hs e') ('Hs -> Hs d') ('Hs -> Hs e') ('Hs -> Hs e') ('Hs -> Hs f')
      ('Hs -> Hs f') ('Hs -> Hs As') ('Hs -> Hs Is') ('Hs -> Hs c') e.41 =  False;
 ('Es -> Q Es') ('Es -> W Es') ('Es -> empty') ('Js -> E Js') ('Js -> empty') ('Hs -> Hs e') ('Hs -> Hs c') ('Hs -> Hs e') ('Hs -> Hs d') ('Hs -> Hs e') ('Hs -> Hs e') ('Hs -> Hs f') ('Hs -> Hs f')
      ('Hs -> Hs As') ('Hs -> Hs Is') e.41 =  False;
 ('Es -> Q Es') ('Es -> W Es') ('Es -> empty') ('Js -> E Js') ('Js -> empty') ('Hs -> Hs e') ('Hs -> Hs c') ('Hs -> Hs e') ('Hs -> Hs d') ('Hs -> Hs e') ('Hs -> Hs e') ('Hs -> Hs f') ('Hs -> Hs f')
      ('Hs -> Hs As') e.41 =  False;
 ('Es -> Q Es') ('Es -> W Es') ('Es -> empty') ('Js -> E Js') ('Js -> empty') ('Hs -> Hs e') ('Hs -> Hs c') ('Hs -> Hs e') ('Hs -> Hs d') ('Hs -> Hs e') ('Hs -> Hs e') ('Hs -> Hs f') ('Hs -> Hs f')
      e.41 =  False;
 ('Es -> Q Es') ('Es -> W Es') ('Es -> empty') ('Js -> E Js') ('Js -> empty') ('Hs -> Hs e') ('Hs -> Hs c') ('Hs -> Hs e') ('Hs -> Hs d') ('Hs -> Hs e') ('Hs -> Hs e') ('Hs -> Hs f') e.41 =  False
               ;
 ('Es -> Q Es') ('Es -> W Es') ('Es -> empty') ('Js -> E Js') ('Js -> empty') ('Hs -> Hs e') ('Hs -> Hs c') ('Hs -> Hs e') ('Hs -> Hs d') ('Hs -> Hs e') ('Hs -> Hs e') e.41 =  False;
 ('Es -> Q Es') ('Es -> W Es') ('Es -> empty') ('Js -> E Js') ('Js -> empty') ('Hs -> Hs e') ('Hs -> Hs c') ('Hs -> Hs e') ('Hs -> Hs d') ('Hs -> Hs e') e.41 =  False;
 ('Es -> Q Es') ('Es -> W Es') ('Es -> empty') ('Js -> E Js') ('Js -> empty') ('Hs -> Hs e') ('Hs -> Hs c') ('Hs -> Hs e') ('Hs -> Hs d') e.41 =  False;
 ('Es -> Q Es') ('Es -> W Es') ('Es -> empty') ('Js -> E Js') ('Js -> empty') ('Hs -> Hs e') ('Hs -> Hs c') ('Hs -> Hs e') e.41 =  False;
 ('Es -> Q Es') ('Es -> W Es') ('Es -> empty') ('Js -> E Js') ('Js -> empty') ('Hs -> Hs e') ('Hs -> Hs c') e.41 =  False;
 ('Es -> Q Es') ('Es -> W Es') ('Es -> empty') ('Js -> E Js') ('Js -> empty') ('Hs -> Hs e') e.41 =  False;
 ('Es -> Q Es') ('Es -> W Es') ('Es -> empty') ('Js -> E Js') ('Js -> empty') e.41 =  False;
 ('Es -> Q Es') ('Es -> W Es') ('Es -> empty') ('Js -> E Js') e.41 =  False;
 ('Es -> Q Es') ('Es -> W Es') ('Es -> empty') e.41 =  False;
 ('Es -> Q Es') ('Es -> W Es') e.41 =  False;
 ('Es -> Q Es') e.41 =  False;
 e.41 =  False;
}

****************************** The End ************************************
