
/*
('d Is d e d a c d c c c b e c a e a d d b c b c c d e b a b a b b b b e c a d e d d Hs e c =
  d Is d e d a c d c c c b e c a e a d d b c b c c d e b a b a b b b b e c a d e d d b a e a Fs a b b e c a b c b e c')
*/
*$MST_FROM_ENTRY;

*$MATCHING ForRepeatedSpecialization ;

*$STRATEGY Applicative ;
/*
$ENTRY Go {
 = <Prout <Go e.1 >> ;
}
*/

***
/*
*  InputFormat: <Go e.41 >
*  OutputFormat: ==> e.0 
*/


$ENTRY Go {
 (('Hs -> empty') e.101) =  False;
 (('Hs -> b Hs') ('Hs -> empty') e.101) =  False;
 (('Hs -> b Hs') ('Hs -> a Hs') ('Hs -> empty') e.101) =  False;
 (('Hs -> b Hs') ('Hs -> a Hs') ('Hs -> e Hs') ('Hs -> empty') e.101) =  False;
 (('Hs -> b Hs') ('Hs -> a Hs') ('Hs -> e Hs') ('Hs -> a Hs') ('Fs -> empty') ('Hs -> empty') e.101) =  False;
 (('Hs -> b Hs') ('Hs -> a Hs') ('Hs -> e Hs') ('Hs -> a Hs') ('Fs -> empty') ('Hs -> a Hs') ('Hs -> empty') e.101) =  False;
 (('Hs -> b Hs') ('Hs -> a Hs') ('Hs -> e Hs') ('Hs -> a Hs') ('Fs -> empty') ('Hs -> a Hs') ('Hs -> b Hs') ('Hs -> empty') e.101) =  False;
 (('Hs -> b Hs') ('Hs -> a Hs') ('Hs -> e Hs') ('Hs -> a Hs') ('Fs -> empty') ('Hs -> a Hs') ('Hs -> b Hs') ('Hs -> b Hs') ('Hs -> empty') e.101) =  False
               ;
 (('Hs -> b Hs') ('Hs -> a Hs') ('Hs -> e Hs') ('Hs -> a Hs') ('Fs -> empty') ('Hs -> a Hs')
    ('Hs -> b Hs') ('Hs -> b Hs') ('Hs -> e Hs') ('Hs -> empty') e.101
 ) =  False;
 (('Hs -> b Hs') ('Hs -> a Hs') ('Hs -> e Hs') ('Hs -> a Hs') ('Fs -> empty') ('Hs -> a Hs')
    ('Hs -> b Hs') ('Hs -> b Hs') ('Hs -> e Hs') ('Hs -> c Hs') ('Hs -> empty') e.101
 ) =  False;
 (('Hs -> b Hs') ('Hs -> a Hs') ('Hs -> e Hs') ('Hs -> a Hs') ('Fs -> empty') ('Hs -> a Hs') ('Hs -> b Hs')
    ('Hs -> b Hs') ('Hs -> e Hs') ('Hs -> c Hs') ('Hs -> a Hs') ('Hs -> empty') e.101
 ) =  False;
 (('Hs -> b Hs') ('Hs -> a Hs') ('Hs -> e Hs') ('Hs -> a Hs') ('Fs -> empty') ('Hs -> a Hs') ('Hs -> b Hs')
    ('Hs -> b Hs') ('Hs -> e Hs') ('Hs -> c Hs') ('Hs -> a Hs') ('Hs -> b Hs') ('Hs -> empty') e.101
 ) =  False;
 (('Hs -> b Hs') ('Hs -> a Hs') ('Hs -> e Hs') ('Hs -> a Hs') ('Fs -> empty') ('Hs -> a Hs') ('Hs -> b Hs') ('Hs -> b Hs')
    ('Hs -> e Hs') ('Hs -> c Hs') ('Hs -> a Hs') ('Hs -> b Hs') ('Hs -> c Hs') ('Hs -> empty') e.101
 ) =  False;
 (('Hs -> b Hs') ('Hs -> a Hs') ('Hs -> e Hs') ('Hs -> a Hs') ('Fs -> empty') ('Hs -> a Hs') ('Hs -> b Hs') ('Hs -> b Hs')
    ('Hs -> e Hs') ('Hs -> c Hs') ('Hs -> a Hs') ('Hs -> b Hs') ('Hs -> c Hs') ('Hs -> b Hs') ('Hs -> empty')
 ) =  True;
 (('Hs -> b Hs') ('Hs -> a Hs') ('Hs -> e Hs') ('Hs -> a Hs') ('Fs -> empty') ('Hs -> a Hs') ('Hs -> b Hs') ('Hs -> b Hs')
    ('Hs -> e Hs') ('Hs -> c Hs') ('Hs -> a Hs') ('Hs -> b Hs') ('Hs -> c Hs') ('Hs -> b Hs') ('Hs -> empty') e.101
 ) =  False;
 (('Hs -> b Hs') ('Hs -> a Hs') ('Hs -> e Hs') ('Hs -> a Hs') ('Fs -> empty') ('Hs -> a Hs') ('Hs -> b Hs') ('Hs -> b Hs')
    ('Hs -> e Hs') ('Hs -> c Hs') ('Hs -> a Hs') ('Hs -> b Hs') ('Hs -> c Hs') ('Hs -> b Hs') e.101
 ) =  False;
 (('Hs -> b Hs') ('Hs -> a Hs') ('Hs -> e Hs') ('Hs -> a Hs') ('Fs -> empty') ('Hs -> a Hs') ('Hs -> b Hs')
    ('Hs -> b Hs') ('Hs -> e Hs') ('Hs -> c Hs') ('Hs -> a Hs') ('Hs -> b Hs') ('Hs -> c Hs') e.101
 ) =  False;
 (('Hs -> b Hs') ('Hs -> a Hs') ('Hs -> e Hs') ('Hs -> a Hs') ('Fs -> empty') ('Hs -> a Hs') ('Hs -> b Hs')
    ('Hs -> b Hs') ('Hs -> e Hs') ('Hs -> c Hs') ('Hs -> a Hs') ('Hs -> b Hs') e.101
 ) =  False;
 (('Hs -> b Hs') ('Hs -> a Hs') ('Hs -> e Hs') ('Hs -> a Hs') ('Fs -> empty') ('Hs -> a Hs')
    ('Hs -> b Hs') ('Hs -> b Hs') ('Hs -> e Hs') ('Hs -> c Hs') ('Hs -> a Hs') e.101
 ) =  False;
 (('Hs -> b Hs') ('Hs -> a Hs') ('Hs -> e Hs') ('Hs -> a Hs') ('Fs -> empty') ('Hs -> a Hs')
    ('Hs -> b Hs') ('Hs -> b Hs') ('Hs -> e Hs') ('Hs -> c Hs') e.101
 ) =  False;
 (('Hs -> b Hs') ('Hs -> a Hs') ('Hs -> e Hs') ('Hs -> a Hs') ('Fs -> empty') ('Hs -> a Hs') ('Hs -> b Hs') ('Hs -> b Hs') ('Hs -> e Hs') e.101) =  False
               ;
 (('Hs -> b Hs') ('Hs -> a Hs') ('Hs -> e Hs') ('Hs -> a Hs') ('Fs -> empty') ('Hs -> a Hs') ('Hs -> b Hs') ('Hs -> b Hs') e.101) =  False;
 (('Hs -> b Hs') ('Hs -> a Hs') ('Hs -> e Hs') ('Hs -> a Hs') ('Fs -> empty') ('Hs -> a Hs') ('Hs -> b Hs') e.101) =  False;
 (('Hs -> b Hs') ('Hs -> a Hs') ('Hs -> e Hs') ('Hs -> a Hs') ('Fs -> empty') ('Hs -> a Hs') e.101) =  False;
 (('Hs -> b Hs') ('Hs -> a Hs') ('Hs -> e Hs') ('Hs -> a Hs') ('Fs -> empty') e.101) =  False;
 (('Hs -> b Hs') ('Hs -> a Hs') ('Hs -> e Hs') ('Hs -> a Hs') ('Hs -> empty') e.101) =  False;
 (('Hs -> b Hs') ('Hs -> a Hs') ('Hs -> e Hs') ('Hs -> a Hs') ('Hs -> Fs Hs') ('Hs -> empty') e.101) =  False;
 (('Hs -> b Hs') ('Hs -> a Hs') ('Hs -> e Hs') ('Hs -> a Hs') ('Hs -> Fs Hs') ('Hs -> a Hs') ('Hs -> empty') e.101) =  False;
 (('Hs -> b Hs') ('Hs -> a Hs') ('Hs -> e Hs') ('Hs -> a Hs') ('Hs -> Fs Hs') ('Hs -> a Hs') ('Hs -> b Hs') ('Hs -> empty') e.101) =  False;
 (('Hs -> b Hs') ('Hs -> a Hs') ('Hs -> e Hs') ('Hs -> a Hs') ('Hs -> Fs Hs') ('Hs -> a Hs') ('Hs -> b Hs') ('Hs -> b Hs') ('Hs -> empty') e.101) =  False
               ;
 (('Hs -> b Hs') ('Hs -> a Hs') ('Hs -> e Hs') ('Hs -> a Hs') ('Hs -> Fs Hs') ('Hs -> a Hs')
    ('Hs -> b Hs') ('Hs -> b Hs') ('Hs -> e Hs') ('Hs -> empty') e.101
 ) =  False;
 (('Hs -> b Hs') ('Hs -> a Hs') ('Hs -> e Hs') ('Hs -> a Hs') ('Hs -> Fs Hs') ('Hs -> a Hs')
    ('Hs -> b Hs') ('Hs -> b Hs') ('Hs -> e Hs') ('Hs -> c Hs') ('Hs -> empty') e.101
 ) =  False;
 (('Hs -> b Hs') ('Hs -> a Hs') ('Hs -> e Hs') ('Hs -> a Hs') ('Hs -> Fs Hs') ('Hs -> a Hs') ('Hs -> b Hs')
    ('Hs -> b Hs') ('Hs -> e Hs') ('Hs -> c Hs') ('Hs -> a Hs') ('Hs -> empty') e.101
 ) =  False;
 (('Hs -> b Hs') ('Hs -> a Hs') ('Hs -> e Hs') ('Hs -> a Hs') ('Hs -> Fs Hs') ('Hs -> a Hs') ('Hs -> b Hs')
    ('Hs -> b Hs') ('Hs -> e Hs') ('Hs -> c Hs') ('Hs -> a Hs') ('Hs -> b Hs') ('Hs -> empty') e.101
 ) =  False;
 (('Hs -> b Hs') ('Hs -> a Hs') ('Hs -> e Hs') ('Hs -> a Hs') ('Hs -> Fs Hs') ('Hs -> a Hs') ('Hs -> b Hs') ('Hs -> b Hs')
    ('Hs -> e Hs') ('Hs -> c Hs') ('Hs -> a Hs') ('Hs -> b Hs') ('Hs -> c Hs') ('Hs -> empty') e.101
 ) =  False;
 (('Hs -> b Hs') ('Hs -> a Hs') ('Hs -> e Hs') ('Hs -> a Hs') ('Hs -> Fs Hs') ('Hs -> a Hs') ('Hs -> b Hs') ('Hs -> b Hs')
    ('Hs -> e Hs') ('Hs -> c Hs') ('Hs -> a Hs') ('Hs -> b Hs') ('Hs -> c Hs') ('Hs -> b Hs') ('Hs -> empty')
 ) =  True;
 (('Hs -> b Hs') ('Hs -> a Hs') ('Hs -> e Hs') ('Hs -> a Hs') ('Hs -> Fs Hs') ('Hs -> a Hs') ('Hs -> b Hs') ('Hs -> b Hs')
    ('Hs -> e Hs') ('Hs -> c Hs') ('Hs -> a Hs') ('Hs -> b Hs') ('Hs -> c Hs') ('Hs -> b Hs') ('Hs -> empty') e.101
 ) =  False;
 (('Hs -> b Hs') ('Hs -> a Hs') ('Hs -> e Hs') ('Hs -> a Hs') ('Hs -> Fs Hs') ('Hs -> a Hs') ('Hs -> b Hs') ('Hs -> b Hs')
    ('Hs -> e Hs') ('Hs -> c Hs') ('Hs -> a Hs') ('Hs -> b Hs') ('Hs -> c Hs') ('Hs -> b Hs') e.101
 ) =  False;
 (('Hs -> b Hs') ('Hs -> a Hs') ('Hs -> e Hs') ('Hs -> a Hs') ('Hs -> Fs Hs') ('Hs -> a Hs') ('Hs -> b Hs')
    ('Hs -> b Hs') ('Hs -> e Hs') ('Hs -> c Hs') ('Hs -> a Hs') ('Hs -> b Hs') ('Hs -> c Hs') e.101
 ) =  False;
 (('Hs -> b Hs') ('Hs -> a Hs') ('Hs -> e Hs') ('Hs -> a Hs') ('Hs -> Fs Hs') ('Hs -> a Hs') ('Hs -> b Hs')
    ('Hs -> b Hs') ('Hs -> e Hs') ('Hs -> c Hs') ('Hs -> a Hs') ('Hs -> b Hs') e.101
 ) =  False;
 (('Hs -> b Hs') ('Hs -> a Hs') ('Hs -> e Hs') ('Hs -> a Hs') ('Hs -> Fs Hs') ('Hs -> a Hs')
    ('Hs -> b Hs') ('Hs -> b Hs') ('Hs -> e Hs') ('Hs -> c Hs') ('Hs -> a Hs') e.101
 ) =  False;
 (('Hs -> b Hs') ('Hs -> a Hs') ('Hs -> e Hs') ('Hs -> a Hs') ('Hs -> Fs Hs') ('Hs -> a Hs')
    ('Hs -> b Hs') ('Hs -> b Hs') ('Hs -> e Hs') ('Hs -> c Hs') e.101
 ) =  False;
 (('Hs -> b Hs') ('Hs -> a Hs') ('Hs -> e Hs') ('Hs -> a Hs') ('Hs -> Fs Hs') ('Hs -> a Hs') ('Hs -> b Hs') ('Hs -> b Hs') ('Hs -> e Hs') e.101) =  False
               ;
 (('Hs -> b Hs') ('Hs -> a Hs') ('Hs -> e Hs') ('Hs -> a Hs') ('Hs -> Fs Hs') ('Hs -> a Hs') ('Hs -> b Hs') ('Hs -> b Hs') e.101) =  False;
 (('Hs -> b Hs') ('Hs -> a Hs') ('Hs -> e Hs') ('Hs -> a Hs') ('Hs -> Fs Hs') ('Hs -> a Hs') ('Hs -> b Hs') e.101) =  False;
 (('Hs -> b Hs') ('Hs -> a Hs') ('Hs -> e Hs') ('Hs -> a Hs') ('Hs -> Fs Hs') ('Hs -> a Hs') e.101) =  False;
 (('Hs -> b Hs') ('Hs -> a Hs') ('Hs -> e Hs') ('Hs -> a Hs') ('Hs -> Fs Hs') e.101) =  False;
 (('Hs -> b Hs') ('Hs -> a Hs') ('Hs -> e Hs') ('Hs -> a Hs') ('Fs -> Hs Fs') e.101) =  False;
 (('Hs -> b Hs') ('Hs -> a Hs') ('Hs -> e Hs') ('Hs -> a Hs') e.101) =  False;
 (('Hs -> b Hs') ('Hs -> a Hs') ('Hs -> e Hs') e.101) =  False;
 (('Hs -> b Hs') ('Hs -> a Hs') e.101) =  False;
 (('Hs -> b Hs') e.101) =  False;
 (e.101) =  False;
}

****************************** The End ************************************

